../Drivers/STM32WLxx_HAL_Driver/Inc/stm32wlxx_ll_rcc.h:1257:22:LL_RCC_LSE_SetDriveCapability	16	static
../Core/Src/main.c:97:6:fn_Change_Machine_State	16	static
../Core/Src/main.c:107:5:main	8	static
../Core/Src/main.c:174:6:SystemClock_Config	112	static
../Core/Src/main.c:225:6:HAL_TIM_PeriodElapsedCallback	16	static
../Core/Src/main.c:230:9:display_num	16	static
../Core/Src/main.c:322:6:teste_display	8	static
../Core/Src/main.c:381:6:teste_led	8	static
../Core/Src/main.c:396:9:check_receiver_frame_rc	48	static,ignoring_inline_asm
../Core/Src/main.c:467:6:codec_and_send_start_frame_rc	64	static,ignoring_inline_asm
../Core/Src/main.c:537:9:check_interruption_receiver_frame_cc	40	static
../Core/Src/main.c:607:6:codec_and_send_frame_command	48	static,ignoring_inline_asm
../Core/Src/main.c:631:6:codec_and_send_action_frame_rc	72	static,ignoring_inline_asm
../Core/Src/main.c:699:9:check_finish_frame_rc	32	static,ignoring_inline_asm
../Core/Src/main.c:749:9:LED_control	16	static
../Core/Src/main.c:754:6:Flash_Write_data	16	static,ignoring_inline_asm
../Core/Src/main.c:816:17:GetPage	16	static
../Core/Src/main.c:820:6:erase_flash	8	static,ignoring_inline_asm
../Core/Src/main.c:858:10:Flash_Read_Data	16	static,ignoring_inline_asm
../Core/Src/main.c:876:6:Error_Handler	4	static,ignoring_inline_asm
