../Drivers/STM32WLxx_HAL_Driver/Inc/stm32wlxx_ll_rcc.h:1257:22:LL_RCC_LSE_SetDriveCapability	16	static
../Core/Src/main.c:97:6:fn_Change_Machine_State	16	static
../Core/Src/main.c:107:5:main	8	static
../Core/Src/main.c:169:6:SystemClock_Config	112	static
../Core/Src/main.c:214:9:display_num	16	static
../Core/Src/main.c:306:6:teste_display	8	static
../Core/Src/main.c:365:6:teste_led	8	static
../Core/Src/main.c:380:9:check_receiver_frame_rc	48	static,ignoring_inline_asm
../Core/Src/main.c:451:6:codec_and_send_start_frame_rc	64	static,ignoring_inline_asm
../Core/Src/main.c:521:9:check_interruption_receiver_frame_cc	40	static
../Core/Src/main.c:591:6:codec_and_send_frame_command	48	static,ignoring_inline_asm
../Core/Src/main.c:615:6:codec_and_send_action_frame_rc	72	static,ignoring_inline_asm
../Core/Src/main.c:683:9:check_finish_frame_rc	32	static,ignoring_inline_asm
../Core/Src/main.c:733:9:LED_control	16	static
../Core/Src/main.c:738:6:Flash_Write_data	16	static,ignoring_inline_asm
../Core/Src/main.c:800:17:GetPage	16	static
../Core/Src/main.c:804:6:erase_flash	8	static,ignoring_inline_asm
../Core/Src/main.c:842:10:Flash_Read_Data	16	static,ignoring_inline_asm
../Core/Src/main.c:860:6:Error_Handler	4	static,ignoring_inline_asm
