Archive member included to satisfy reference by file (symbol)

/Applications/STM32CubeIDE.app/Contents/Eclipse/plugins/com.st.stm32cube.ide.mcu.externaltools.gnu-tools-for-stm32.10.3-2021.10.macos64_1.0.0.202111181127/tools/bin/../lib/gcc/arm-none-eabi/10.3.1/../../../../arm-none-eabi/lib/thumb/v7e-m/nofp/libc_nano.a(lib_a-errno.o)
                              ./Core/Src/syscalls.o (__errno)
/Applications/STM32CubeIDE.app/Contents/Eclipse/plugins/com.st.stm32cube.ide.mcu.externaltools.gnu-tools-for-stm32.10.3-2021.10.macos64_1.0.0.202111181127/tools/bin/../lib/gcc/arm-none-eabi/10.3.1/../../../../arm-none-eabi/lib/thumb/v7e-m/nofp/libc_nano.a(lib_a-exit.o)
                              /Applications/STM32CubeIDE.app/Contents/Eclipse/plugins/com.st.stm32cube.ide.mcu.externaltools.gnu-tools-for-stm32.10.3-2021.10.macos64_1.0.0.202111181127/tools/bin/../lib/gcc/arm-none-eabi/10.3.1/../../../../arm-none-eabi/lib/thumb/v7e-m/nofp/crt0.o (exit)
/Applications/STM32CubeIDE.app/Contents/Eclipse/plugins/com.st.stm32cube.ide.mcu.externaltools.gnu-tools-for-stm32.10.3-2021.10.macos64_1.0.0.202111181127/tools/bin/../lib/gcc/arm-none-eabi/10.3.1/../../../../arm-none-eabi/lib/thumb/v7e-m/nofp/libc_nano.a(lib_a-impure.o)
                              /Applications/STM32CubeIDE.app/Contents/Eclipse/plugins/com.st.stm32cube.ide.mcu.externaltools.gnu-tools-for-stm32.10.3-2021.10.macos64_1.0.0.202111181127/tools/bin/../lib/gcc/arm-none-eabi/10.3.1/../../../../arm-none-eabi/lib/thumb/v7e-m/nofp/libc_nano.a(lib_a-exit.o) (_global_impure_ptr)
/Applications/STM32CubeIDE.app/Contents/Eclipse/plugins/com.st.stm32cube.ide.mcu.externaltools.gnu-tools-for-stm32.10.3-2021.10.macos64_1.0.0.202111181127/tools/bin/../lib/gcc/arm-none-eabi/10.3.1/../../../../arm-none-eabi/lib/thumb/v7e-m/nofp/libc_nano.a(lib_a-init.o)
                              /Applications/STM32CubeIDE.app/Contents/Eclipse/plugins/com.st.stm32cube.ide.mcu.externaltools.gnu-tools-for-stm32.10.3-2021.10.macos64_1.0.0.202111181127/tools/bin/../lib/gcc/arm-none-eabi/10.3.1/../../../../arm-none-eabi/lib/thumb/v7e-m/nofp/crt0.o (__libc_init_array)
/Applications/STM32CubeIDE.app/Contents/Eclipse/plugins/com.st.stm32cube.ide.mcu.externaltools.gnu-tools-for-stm32.10.3-2021.10.macos64_1.0.0.202111181127/tools/bin/../lib/gcc/arm-none-eabi/10.3.1/../../../../arm-none-eabi/lib/thumb/v7e-m/nofp/libc_nano.a(lib_a-memcpy-stub.o)
                              ./SubGHz_Phy/App/subghz_phy_app.o (memcpy)
/Applications/STM32CubeIDE.app/Contents/Eclipse/plugins/com.st.stm32cube.ide.mcu.externaltools.gnu-tools-for-stm32.10.3-2021.10.macos64_1.0.0.202111181127/tools/bin/../lib/gcc/arm-none-eabi/10.3.1/../../../../arm-none-eabi/lib/thumb/v7e-m/nofp/libc_nano.a(lib_a-memset.o)
                              /Applications/STM32CubeIDE.app/Contents/Eclipse/plugins/com.st.stm32cube.ide.mcu.externaltools.gnu-tools-for-stm32.10.3-2021.10.macos64_1.0.0.202111181127/tools/bin/../lib/gcc/arm-none-eabi/10.3.1/../../../../arm-none-eabi/lib/thumb/v7e-m/nofp/crt0.o (memset)
/Applications/STM32CubeIDE.app/Contents/Eclipse/plugins/com.st.stm32cube.ide.mcu.externaltools.gnu-tools-for-stm32.10.3-2021.10.macos64_1.0.0.202111181127/tools/bin/../lib/gcc/arm-none-eabi/10.3.1/../../../../arm-none-eabi/lib/thumb/v7e-m/nofp/libc_nano.a(lib_a-strlen.o)
                              ./Core/Src/sys_app.o (strlen)
/Applications/STM32CubeIDE.app/Contents/Eclipse/plugins/com.st.stm32cube.ide.mcu.externaltools.gnu-tools-for-stm32.10.3-2021.10.macos64_1.0.0.202111181127/tools/bin/../lib/gcc/arm-none-eabi/10.3.1/../../../../arm-none-eabi/lib/thumb/v7e-m/nofp/libc_nano.a(lib_a-strncmp.o)
                              ./SubGHz_Phy/App/subghz_phy_app.o (strncmp)
/Applications/STM32CubeIDE.app/Contents/Eclipse/plugins/com.st.stm32cube.ide.mcu.externaltools.gnu-tools-for-stm32.10.3-2021.10.macos64_1.0.0.202111181127/tools/bin/../lib/gcc/arm-none-eabi/10.3.1/thumb/v7e-m/nofp/libgcc.a(_aeabi_uldivmod.o)
                              ./Core/Src/timer_if.o (__aeabi_uldivmod)
/Applications/STM32CubeIDE.app/Contents/Eclipse/plugins/com.st.stm32cube.ide.mcu.externaltools.gnu-tools-for-stm32.10.3-2021.10.macos64_1.0.0.202111181127/tools/bin/../lib/gcc/arm-none-eabi/10.3.1/thumb/v7e-m/nofp/libgcc.a(_udivmoddi4.o)
                              /Applications/STM32CubeIDE.app/Contents/Eclipse/plugins/com.st.stm32cube.ide.mcu.externaltools.gnu-tools-for-stm32.10.3-2021.10.macos64_1.0.0.202111181127/tools/bin/../lib/gcc/arm-none-eabi/10.3.1/thumb/v7e-m/nofp/libgcc.a(_aeabi_uldivmod.o) (__udivmoddi4)
/Applications/STM32CubeIDE.app/Contents/Eclipse/plugins/com.st.stm32cube.ide.mcu.externaltools.gnu-tools-for-stm32.10.3-2021.10.macos64_1.0.0.202111181127/tools/bin/../lib/gcc/arm-none-eabi/10.3.1/thumb/v7e-m/nofp/libgcc.a(_dvmd_tls.o)
[...]
Memory Configuration

Name             Origin             Length             Attributes
RAM              0x0000000020000000 0x0000000000010000 xrw
RAM2             0x0000000010000000 0x0000000000008000 xrw
FLASH            0x0000000008000000 0x0000000000040000 xr
*default*        0x0000000000000000 0xffffffffffffffff

Linker script and memory map

LOAD /Applications/STM32CubeIDE.app/Contents/Eclipse/plugins/com.st.stm32cube.ide.mcu.externaltools.gnu-tools-for-stm32.10.3-2021.10.macos64_1.0.0.202111181127/tools/bin/../lib/gcc/arm-none-eabi/10.3.1/thumb/v7e-m/nofp/crti.o
LOAD /Applications/STM32CubeIDE.app/Contents/Eclipse/plugins/com.st.stm32cube.ide.mcu.externaltools.gnu-tools-for-stm32.10.3-2021.10.macos64_1.0.0.202111181127/tools/bin/../lib/gcc/arm-none-eabi/10.3.1/thumb/v7e-m/nofp/crtbegin.o
LOAD /Applications/STM32CubeIDE.app/Contents/Eclipse/plugins/com.st.stm32cube.ide.mcu.externaltools.gnu-tools-for-stm32.10.3-2021.10.macos64_1.0.0.202111181127/tools/bin/../lib/gcc/arm-none-eabi/10.3.1/../../../../arm-none-eabi/lib/thumb/v7e-m/nofp/crt0.o
LOAD ./Core/Src/adc.o
LOAD ./Core/Src/dma.o
LOAD ./Core/Src/gpio.o
LOAD ./Core/Src/main.o
LOAD ./Core/Src/rtc.o
LOAD ./Core/Src/stm32_lpm_if.o
LOAD ./Core/Src/stm32wlxx_hal_msp.o
LOAD ./Core/Src/stm32wlxx_it.o
LOAD ./Core/Src/subghz.o
LOAD ./Core/Src/sys_app.o
LOAD ./Core/Src/sys_debug.o
LOAD ./Core/Src/syscalls.o
LOAD ./Core/Src/sysmem.o
LOAD ./Core/Src/system_stm32wlxx.o
LOAD ./Core/Src/timer_if.o
LOAD ./Core/Src/usart.o
LOAD ./Core/Src/usart_if.o
LOAD ./Core/Startup/startup_stm32wle5jcix.o
LOAD ./Drivers/BSP/STM32WLxx_Nucleo/stm32wlxx_nucleo_radio.o
LOAD ./Drivers/STM32WLxx_HAL_Driver/Src/stm32wlxx_hal.o
LOAD ./Drivers/STM32WLxx_HAL_Driver/Src/stm32wlxx_hal_adc.o
LOAD ./Drivers/STM32WLxx_HAL_Driver/Src/stm32wlxx_hal_adc_ex.o
LOAD ./Drivers/STM32WLxx_HAL_Driver/Src/stm32wlxx_hal_cortex.o
LOAD ./Drivers/STM32WLxx_HAL_Driver/Src/stm32wlxx_hal_dma.o
LOAD ./Drivers/STM32WLxx_HAL_Driver/Src/stm32wlxx_hal_dma_ex.o
LOAD ./Drivers/STM32WLxx_HAL_Driver/Src/stm32wlxx_hal_exti.o
LOAD ./Drivers/STM32WLxx_HAL_Driver/Src/stm32wlxx_hal_flash.o
LOAD ./Drivers/STM32WLxx_HAL_Driver/Src/stm32wlxx_hal_flash_ex.o
LOAD ./Drivers/STM32WLxx_HAL_Driver/Src/stm32wlxx_hal_gpio.o
LOAD ./Drivers/STM32WLxx_HAL_Driver/Src/stm32wlxx_hal_pwr.o
LOAD ./Drivers/STM32WLxx_HAL_Driver/Src/stm32wlxx_hal_pwr_ex.o
LOAD ./Drivers/STM32WLxx_HAL_Driver/Src/stm32wlxx_hal_rcc.o
LOAD ./Drivers/STM32WLxx_HAL_Driver/Src/stm32wlxx_hal_rcc_ex.o
LOAD ./Drivers/STM32WLxx_HAL_Driver/Src/stm32wlxx_hal_rtc.o
LOAD ./Drivers/STM32WLxx_HAL_Driver/Src/stm32wlxx_hal_rtc_ex.o
LOAD ./Drivers/STM32WLxx_HAL_Driver/Src/stm32wlxx_hal_subghz.o
LOAD ./Drivers/STM32WLxx_HAL_Driver/Src/stm32wlxx_hal_tim.o
LOAD ./Drivers/STM32WLxx_HAL_Driver/Src/stm32wlxx_hal_tim_ex.o
LOAD ./Drivers/STM32WLxx_HAL_Driver/Src/stm32wlxx_hal_uart.o
LOAD ./Drivers/STM32WLxx_HAL_Driver/Src/stm32wlxx_hal_uart_ex.o
LOAD ./Drivers/STM32WLxx_HAL_Driver/Src/stm32wlxx_ll_adc.o
LOAD ./Middlewares/Third_Party/SubGHz_Phy/stm32_radio_driver/radio.o
LOAD ./Middlewares/Third_Party/SubGHz_Phy/stm32_radio_driver/radio_driver.o
LOAD ./Middlewares/Third_Party/SubGHz_Phy/stm32_radio_driver/radio_fw.o
LOAD ./SubGHz_Phy/App/app_subghz_phy.o
LOAD ./SubGHz_Phy/App/subghz_phy_app.o
LOAD ./SubGHz_Phy/Target/radio_board_if.o
LOAD ./Utilities/lpm/tiny_lpm/stm32_lpm.o
LOAD ./Utilities/misc/stm32_mem.o
LOAD ./Utilities/misc/stm32_systime.o
LOAD ./Utilities/misc/stm32_tiny_sscanf.o
LOAD ./Utilities/misc/stm32_tiny_vsnprintf.o
LOAD ./Utilities/sequencer/stm32_seq.o
LOAD ./Utilities/timer/stm32_timer.o
LOAD ./Utilities/trace/adv_trace/stm32_adv_trace.o
START GROUP
LOAD /Applications/STM32CubeIDE.app/Contents/Eclipse/plugins/com.st.stm32cube.ide.mcu.externaltools.gnu-tools-for-stm32.10.3-2021.10.macos64_1.0.0.202111181127/tools/bin/../lib/gcc/arm-none-eabi/10.3.1/../../../../arm-none-eabi/lib/thumb/v7e-m/nofp/libc_nano.a
LOAD /Applications/STM32CubeIDE.app/Contents/Eclipse/plugins/com.st.stm32cube.ide.mcu.externaltools.gnu-tools-for-stm32.10.3-2021.10.macos64_1.0.0.202111181127/tools/bin/../lib/gcc/arm-none-eabi/10.3.1/../../../../arm-none-eabi/lib/thumb/v7e-m/nofp/libm.a
END GROUP
START GROUP
LOAD /Applications/STM32CubeIDE.app/Contents/Eclipse/plugins/com.st.stm32cube.ide.mcu.externaltools.gnu-tools-for-stm32.10.3-2021.10.macos64_1.0.0.202111181127/tools/bin/../lib/gcc/arm-none-eabi/10.3.1/thumb/v7e-m/nofp/libgcc.a
LOAD /Applications/STM32CubeIDE.app/Contents/Eclipse/plugins/com.st.stm32cube.ide.mcu.externaltools.gnu-tools-for-stm32.10.3-2021.10.macos64_1.0.0.202111181127/tools/bin/../lib/gcc/arm-none-eabi/10.3.1/../../../../arm-none-eabi/lib/thumb/v7e-m/nofp/libc_nano.a
END GROUP
START GROUP
LOAD /Applications/STM32CubeIDE.app/Contents/Eclipse/plugins/com.st.stm32cube.ide.mcu.externaltools.gnu-tools-for-stm32.10.3-2021.10.macos64_1.0.0.202111181127/tools/bin/../lib/gcc/arm-none-eabi/10.3.1/thumb/v7e-m/nofp/libgcc.a
LOAD /Applications/STM32CubeIDE.app/Contents/Eclipse/plugins/com.st.stm32cube.ide.mcu.externaltools.gnu-tools-for-stm32.10.3-2021.10.macos64_1.0.0.202111181127/tools/bin/../lib/gcc/arm-none-eabi/10.3.1/../../../../arm-none-eabi/lib/thumb/v7e-m/nofp/libc_nano.a
LOAD /Applications/STM32CubeIDE.app/Contents/Eclipse/plugins/com.st.stm32cube.ide.mcu.externaltools.gnu-tools-for-stm32.10.3-2021.10.macos64_1.0.0.202111181127/tools/bin/../lib/gcc/arm-none-eabi/10.3.1/../../../../arm-none-eabi/lib/thumb/v7e-m/nofp/libnosys.a
END GROUP
START GROUP
LOAD /Applications/STM32CubeIDE.app/Contents/Eclipse/plugins/com.st.stm32cube.ide.mcu.externaltools.gnu-tools-for-stm32.10.3-2021.10.macos64_1.0.0.202111181127/tools/bin/../lib/gcc/arm-none-eabi/10.3.1/thumb/v7e-m/nofp/libgcc.a
LOAD /Applications/STM32CubeIDE.app/Contents/Eclipse/plugins/com.st.stm32cube.ide.mcu.externaltools.gnu-tools-for-stm32.10.3-2021.10.macos64_1.0.0.202111181127/tools/bin/../lib/gcc/arm-none-eabi/10.3.1/../../../../arm-none-eabi/lib/thumb/v7e-m/nofp/libc_nano.a
LOAD /Applications/STM32CubeIDE.app/Contents/Eclipse/plugins/com.st.stm32cube.ide.mcu.externaltools.gnu-tools-for-stm32.10.3-2021.10.macos64_1.0.0.202111181127/tools/bin/../lib/gcc/arm-none-eabi/10.3.1/../../../../arm-none-eabi/lib/thumb/v7e-m/nofp/libnosys.a
END GROUP
LOAD /Applications/STM32CubeIDE.app/Contents/Eclipse/plugins/com.st.stm32cube.ide.mcu.externaltools.gnu-tools-for-stm32.10.3-2021.10.macos64_1.0.0.202111181127/tools/bin/../lib/gcc/arm-none-eabi/10.3.1/thumb/v7e-m/nofp/crtend.o
LOAD /Applications/STM32CubeIDE.app/Contents/Eclipse/plugins/com.st.stm32cube.ide.mcu.externaltools.gnu-tools-for-stm32.10.3-2021.10.macos64_1.0.0.202111181127/tools/bin/../lib/gcc/arm-none-eabi/10.3.1/thumb/v7e-m/nofp/crtn.o
                0x0000000020010000                _estack = (ORIGIN (RAM) + LENGTH (RAM))
                0x0000000000000200                _Min_Heap_Size = 0x200
                0x0000000000000400                _Min_Stack_Size = 0x400

.isr_vector     0x0000000008000000      0x138
                0x0000000008000000                . = ALIGN (0x4)
 *(.isr_vector)
 .isr_vector    0x0000000008000000      0x138 ./Core/Startup/startup_stm32wle5jcix.o
                0x0000000008000000                g_pfnVectors
                0x0000000008000138                . = ALIGN (0x4)

.text           0x0000000008000138     0xc4bc
                0x0000000008000138                . = ALIGN (0x4)
 *(.text)
 .text          0x0000000008000138       0x40 /Applications/STM32CubeIDE.app/Contents/Eclipse/plugins/com.st.stm32cube.ide.mcu.externaltools.gnu-tools-for-stm32.10.3-2021.10.macos64_1.0.0.202111181127/tools/bin/../lib/gcc/arm-none-eabi/10.3.1/thumb/v7e-m/nofp/crtbegin.o
 .text          0x0000000008000178       0x10 /Applications/STM32CubeIDE.app/Contents/Eclipse/plugins/com.st.stm32cube.ide.mcu.externaltools.gnu-tools-for-stm32.10.3-2021.10.macos64_1.0.0.202111181127/tools/bin/../lib/gcc/arm-none-eabi/10.3.1/../../../../arm-none-eabi/lib/thumb/v7e-m/nofp/libc_nano.a(lib_a-strlen.o)
                0x0000000008000178                strlen
 .text          0x0000000008000188       0x30 /Applications/STM32CubeIDE.app/Contents/Eclipse/plugins/com.st.stm32cube.ide.mcu.externaltools.gnu-tools-for-stm32.10.3-2021.10.macos64_1.0.0.202111181127/tools/bin/../lib/gcc/arm-none-eabi/10.3.1/thumb/v7e-m/nofp/libgcc.a(_aeabi_uldivmod.o)
                0x0000000008000188                __aeabi_uldivmod
 .text          0x00000000080001b8      0x2d0 /Applications/STM32CubeIDE.app/Contents/Eclipse/plugins/com.st.stm32cube.ide.mcu.externaltools.gnu-tools-for-stm32.10.3-2021.10.macos64_1.0.0.202111181127/tools/bin/../lib/gcc/arm-none-eabi/10.3.1/thumb/v7e-m/nofp/libgcc.a(_udivmoddi4.o)
                0x00000000080001b8                __udivmoddi4
 .text          0x0000000008000488        0x4 /Applications/STM32CubeIDE.app/Contents/Eclipse/plugins/com.st.stm32cube.ide.mcu.externaltools.gnu-tools-for-stm32.10.3-2021.10.macos64_1.0.0.202111181127/tools/bin/../lib/gcc/arm-none-eabi/10.3.1/thumb/v7e-m/nofp/libgcc.a(_dvmd_tls.o)
                0x0000000008000488                __aeabi_ldiv0
                0x0000000008000488                __aeabi_idiv0
 *(.text*)
 .text.LL_AHB1_GRP1_EnableClock
                0x000000000800048c       0x30 ./Core/Src/dma.o
 .text.MX_DMA_Init
                0x00000000080004bc       0x24 ./Core/Src/dma.o
                0x00000000080004bc                MX_DMA_Init
 .text.LL_AHB2_GRP1_EnableClock
                0x00000000080004e0       0x30 ./Core/Src/gpio.o
 .text.MX_GPIO_Init
                0x0000000008000510      0x194 ./Core/Src/gpio.o
                0x0000000008000510                MX_GPIO_Init
 .text.LL_RCC_LSE_SetDriveCapability
                0x00000000080006a4       0x2a ./Core/Src/main.o
 *fill*         0x00000000080006ce        0x2 
 .text.main     0x00000000080006d0       0x98 ./Core/Src/main.o
                0x00000000080006d0                main
 .text.SystemClock_Config
                0x0000000008000768       0xb4 ./Core/Src/main.o
                0x0000000008000768                SystemClock_Config
 .text.display_num
                0x000000000800081c      0x310 ./Core/Src/main.o
                0x000000000800081c                display_num
 .text.teste_led
                0x0000000008000b2c       0x78 ./Core/Src/main.o
                0x0000000008000b2c                teste_led
 .text.Error_Handler
                0x0000000008000ba4        0xa ./Core/Src/main.o
                0x0000000008000ba4                Error_Handler
 .text.LL_RCC_EnableRTC
                0x0000000008000bae       0x20 ./Core/Src/rtc.o
 .text.LL_APB1_GRP1_EnableClock
                0x0000000008000bce       0x30 ./Core/Src/rtc.o
 *fill*         0x0000000008000bfe        0x2 
 .text.MX_RTC_Init
                0x0000000008000c00       0xa4 ./Core/Src/rtc.o
                0x0000000008000c00                MX_RTC_Init
 .text.HAL_RTC_MspInit
                0x0000000008000ca4       0x78 ./Core/Src/rtc.o
                0x0000000008000ca4                HAL_RTC_MspInit
 .text.LL_PWR_ClearFlag_C1STOP_C1STB
                0x0000000008000d1c       0x18 ./Core/Src/stm32_lpm_if.o
 .text.PWR_EnterOffMode
                0x0000000008000d34        0xc ./Core/Src/stm32_lpm_if.o
                0x0000000008000d34                PWR_EnterOffMode
 .text.PWR_ExitOffMode
                0x0000000008000d40        0xc ./Core/Src/stm32_lpm_if.o
                0x0000000008000d40                PWR_ExitOffMode
 .text.PWR_EnterStopMode
                0x0000000008000d4c       0x16 ./Core/Src/stm32_lpm_if.o
                0x0000000008000d4c                PWR_EnterStopMode
 .text.PWR_ExitStopMode
                0x0000000008000d62       0x10 ./Core/Src/stm32_lpm_if.o
                0x0000000008000d62                PWR_ExitStopMode
 .text.PWR_EnterSleepMode
                0x0000000008000d72       0x14 ./Core/Src/stm32_lpm_if.o
                0x0000000008000d72                PWR_EnterSleepMode
 .text.PWR_ExitSleepMode
                0x0000000008000d86        0xc ./Core/Src/stm32_lpm_if.o
                0x0000000008000d86                PWR_ExitSleepMode
 .text.HAL_MspInit
                0x0000000008000d92        0xc ./Core/Src/stm32wlxx_hal_msp.o
                0x0000000008000d92                HAL_MspInit
 .text.NMI_Handler
                0x0000000008000d9e        0x6 ./Core/Src/stm32wlxx_it.o
                0x0000000008000d9e                NMI_Handler
 .text.HardFault_Handler
                0x0000000008000da4        0x6 ./Core/Src/stm32wlxx_it.o
                0x0000000008000da4                HardFault_Handler
 .text.MemManage_Handler
                0x0000000008000daa        0x6 ./Core/Src/stm32wlxx_it.o
                0x0000000008000daa                MemManage_Handler
 .text.BusFault_Handler
                0x0000000008000db0        0x6 ./Core/Src/stm32wlxx_it.o
                0x0000000008000db0                BusFault_Handler
 .text.UsageFault_Handler
                0x0000000008000db6        0x6 ./Core/Src/stm32wlxx_it.o
                0x0000000008000db6                UsageFault_Handler
 .text.SVC_Handler
                0x0000000008000dbc        0xc ./Core/Src/stm32wlxx_it.o
                0x0000000008000dbc                SVC_Handler
 .text.DebugMon_Handler
                0x0000000008000dc8        0xc ./Core/Src/stm32wlxx_it.o
                0x0000000008000dc8                DebugMon_Handler
 .text.PendSV_Handler
                0x0000000008000dd4        0xc ./Core/Src/stm32wlxx_it.o
                0x0000000008000dd4                PendSV_Handler
 .text.SysTick_Handler
                0x0000000008000de0        0xc ./Core/Src/stm32wlxx_it.o
                0x0000000008000de0                SysTick_Handler
 .text.TAMP_STAMP_LSECSS_SSRU_IRQHandler
                0x0000000008000dec       0x14 ./Core/Src/stm32wlxx_it.o
                0x0000000008000dec                TAMP_STAMP_LSECSS_SSRU_IRQHandler
 .text.DMA1_Channel1_IRQHandler
                0x0000000008000e00       0x14 ./Core/Src/stm32wlxx_it.o
                0x0000000008000e00                DMA1_Channel1_IRQHandler
 .text.USART1_IRQHandler
                0x0000000008000e14       0x14 ./Core/Src/stm32wlxx_it.o
                0x0000000008000e14                USART1_IRQHandler
 .text.EXTI15_10_IRQHandler
                0x0000000008000e28       0x10 ./Core/Src/stm32wlxx_it.o
                0x0000000008000e28                EXTI15_10_IRQHandler
 .text.RTC_Alarm_IRQHandler
                0x0000000008000e38       0x14 ./Core/Src/stm32wlxx_it.o
                0x0000000008000e38                RTC_Alarm_IRQHandler
 .text.SUBGHZ_Radio_IRQHandler
                0x0000000008000e4c       0x14 ./Core/Src/stm32wlxx_it.o
                0x0000000008000e4c                SUBGHZ_Radio_IRQHandler
 .text.LL_APB3_GRP1_EnableClock
                0x0000000008000e60       0x30 ./Core/Src/subghz.o
 .text.MX_SUBGHZ_Init
                0x0000000008000e90       0x24 ./Core/Src/subghz.o
                0x0000000008000e90                MX_SUBGHZ_Init
 .text.HAL_SUBGHZ_MspInit
                0x0000000008000eb4       0x26 ./Core/Src/subghz.o
                0x0000000008000eb4                HAL_SUBGHZ_MspInit
 .text.LL_RCC_SetClkAfterWakeFromStop
                0x0000000008000eda       0x26 ./Core/Src/sys_app.o
 .text.SystemApp_Init
                0x0000000008000f00       0x48 ./Core/Src/sys_app.o
                0x0000000008000f00                SystemApp_Init
 .text.UTIL_SEQ_Idle
                0x0000000008000f48        0xc ./Core/Src/sys_app.o
                0x0000000008000f48                UTIL_SEQ_Idle
 .text.TimestampNow
                0x0000000008000f54       0x40 ./Core/Src/sys_app.o
 .text.UTIL_ADV_TRACE_PreSendHook
                0x0000000008000f94       0x10 ./Core/Src/sys_app.o
                0x0000000008000f94                UTIL_ADV_TRACE_PreSendHook
 .text.UTIL_ADV_TRACE_PostSendHook
                0x0000000008000fa4       0x10 ./Core/Src/sys_app.o
                0x0000000008000fa4                UTIL_ADV_TRACE_PostSendHook
 .text.tiny_snprintf_like
                0x0000000008000fb4       0x2c ./Core/Src/sys_app.o
 .text.HAL_InitTick
                0x0000000008000fe0       0x14 ./Core/Src/sys_app.o
                0x0000000008000fe0                HAL_InitTick
 .text.HAL_GetTick
                0x0000000008000ff4       0x28 ./Core/Src/sys_app.o
                0x0000000008000ff4                HAL_GetTick
 .text.HAL_Delay
                0x000000000800101c       0x18 ./Core/Src/sys_app.o
                0x000000000800101c                HAL_Delay
 .text.LL_AHB2_GRP1_EnableClock
                0x0000000008001034       0x30 ./Core/Src/sys_debug.o
 .text.LL_EXTI_EnableIT_32_63
                0x0000000008001064       0x28 ./Core/Src/sys_debug.o
 .text.DBG_Init
                0x000000000800108c       0xc0 ./Core/Src/sys_debug.o
                0x000000000800108c                DBG_Init
 .text.SystemInit
                0x000000000800114c        0xc ./Core/Src/system_stm32wlxx.o
                0x000000000800114c                SystemInit
 .text.LL_RTC_TIME_GetSubSecond
                0x0000000008001158       0x16 ./Core/Src/timer_if.o
 *fill*         0x000000000800116e        0x2 
 .text.TIMER_IF_Init
                0x0000000008001170       0x64 ./Core/Src/timer_if.o
                0x0000000008001170                TIMER_IF_Init
 .text.TIMER_IF_StartTimer
                0x00000000080011d4       0x70 ./Core/Src/timer_if.o
                0x00000000080011d4                TIMER_IF_StartTimer
 .text.TIMER_IF_StopTimer
                0x0000000008001244       0x34 ./Core/Src/timer_if.o
                0x0000000008001244                TIMER_IF_StopTimer
 .text.TIMER_IF_SetTimerContext
                0x0000000008001278       0x1c ./Core/Src/timer_if.o
                0x0000000008001278                TIMER_IF_SetTimerContext
 .text.TIMER_IF_GetTimerContext
                0x0000000008001294       0x14 ./Core/Src/timer_if.o
                0x0000000008001294                TIMER_IF_GetTimerContext
 .text.TIMER_IF_GetTimerElapsedTime
                0x00000000080012a8       0x28 ./Core/Src/timer_if.o
                0x00000000080012a8                TIMER_IF_GetTimerElapsedTime
 .text.TIMER_IF_GetTimerValue
                0x00000000080012d0       0x28 ./Core/Src/timer_if.o
                0x00000000080012d0                TIMER_IF_GetTimerValue
 .text.TIMER_IF_GetMinimumTimeout
                0x00000000080012f8       0x1a ./Core/Src/timer_if.o
                0x00000000080012f8                TIMER_IF_GetMinimumTimeout
 .text.TIMER_IF_Convert_ms2Tick
                0x0000000008001312       0x3a ./Core/Src/timer_if.o
                0x0000000008001312                TIMER_IF_Convert_ms2Tick
 .text.TIMER_IF_Convert_Tick2ms
                0x000000000800134c       0x92 ./Core/Src/timer_if.o
                0x000000000800134c                TIMER_IF_Convert_Tick2ms
 .text.TIMER_IF_DelayMs
                0x00000000080013de       0x34 ./Core/Src/timer_if.o
                0x00000000080013de                TIMER_IF_DelayMs
 .text.HAL_RTC_AlarmAEventCallback
                0x0000000008001412       0x14 ./Core/Src/timer_if.o
                0x0000000008001412                HAL_RTC_AlarmAEventCallback
 .text.HAL_RTCEx_SSRUEventCallback
                0x0000000008001426       0x20 ./Core/Src/timer_if.o
                0x0000000008001426                HAL_RTCEx_SSRUEventCallback
 .text.TIMER_IF_GetTime
                0x0000000008001446       0x8e ./Core/Src/timer_if.o
                0x0000000008001446                TIMER_IF_GetTime
 .text.TIMER_IF_BkUp_Write_Seconds
                0x00000000080014d4       0x20 ./Core/Src/timer_if.o
                0x00000000080014d4                TIMER_IF_BkUp_Write_Seconds
 .text.TIMER_IF_BkUp_Write_SubSeconds
                0x00000000080014f4       0x20 ./Core/Src/timer_if.o
                0x00000000080014f4                TIMER_IF_BkUp_Write_SubSeconds
 .text.TIMER_IF_BkUp_Read_Seconds
                0x0000000008001514       0x24 ./Core/Src/timer_if.o
                0x0000000008001514                TIMER_IF_BkUp_Read_Seconds
 .text.TIMER_IF_BkUp_Read_SubSeconds
                0x0000000008001538       0x24 ./Core/Src/timer_if.o
                0x0000000008001538                TIMER_IF_BkUp_Read_SubSeconds
 .text.TIMER_IF_BkUp_Write_MSBticks
                0x000000000800155c       0x20 ./Core/Src/timer_if.o
 .text.TIMER_IF_BkUp_Read_MSBticks
                0x000000000800157c       0x20 ./Core/Src/timer_if.o
 .text.GetTimerTicks
                0x000000000800159c       0x38 ./Core/Src/timer_if.o
 .text.LL_AHB2_GRP1_EnableClock
                0x00000000080015d4       0x30 ./Core/Src/usart.o
 .text.LL_APB2_GRP1_EnableClock
                0x0000000008001604       0x30 ./Core/Src/usart.o
 .text.LL_APB2_GRP1_DisableClock
                0x0000000008001634       0x24 ./Core/Src/usart.o
 .text.MX_USART1_UART_Init
                0x0000000008001658       0x98 ./Core/Src/usart.o
                0x0000000008001658                MX_USART1_UART_Init
 .text.HAL_UART_MspInit
                0x00000000080016f0       0xf8 ./Core/Src/usart.o
                0x00000000080016f0                HAL_UART_MspInit
 .text.HAL_UART_MspDeInit
                0x00000000080017e8       0x44 ./Core/Src/usart.o
                0x00000000080017e8                HAL_UART_MspDeInit
 .text.LL_APB2_GRP1_ForceReset
                0x000000000800182c       0x22 ./Core/Src/usart_if.o
 .text.LL_APB2_GRP1_ReleaseReset
                0x000000000800184e       0x24 ./Core/Src/usart_if.o
 *fill*         0x0000000008001872        0x2 
 .text.LL_EXTI_EnableIT_0_31
                0x0000000008001874       0x28 ./Core/Src/usart_if.o
 .text.vcom_Init
                0x000000000800189c       0x2c ./Core/Src/usart_if.o
                0x000000000800189c                vcom_Init
 .text.vcom_DeInit
                0x00000000080018c8       0x2c ./Core/Src/usart_if.o
                0x00000000080018c8                vcom_DeInit
 .text.vcom_Trace_DMA
                0x00000000080018f4       0x28 ./Core/Src/usart_if.o
                0x00000000080018f4                vcom_Trace_DMA
 .text.vcom_ReceiveInit
                0x000000000800191c       0x7c ./Core/Src/usart_if.o
                0x000000000800191c                vcom_ReceiveInit
 .text.vcom_Resume
                0x0000000008001998       0x30 ./Core/Src/usart_if.o
                0x0000000008001998                vcom_Resume
 .text.HAL_UART_TxCpltCallback
                0x00000000080019c8       0x2c ./Core/Src/usart_if.o
                0x00000000080019c8                HAL_UART_TxCpltCallback
 .text.HAL_UART_RxCpltCallback
                0x00000000080019f4       0x50 ./Core/Src/usart_if.o
                0x00000000080019f4                HAL_UART_RxCpltCallback
 .text.Reset_Handler
                0x0000000008001a44       0x50 ./Core/Startup/startup_stm32wle5jcix.o
                0x0000000008001a44                Reset_Handler
 .text.Default_Handler
                0x0000000008001a94        0x2 ./Core/Startup/startup_stm32wle5jcix.o
                0x0000000008001a94                DMA2_Channel3_IRQHandler
                0x0000000008001a94                TIM1_CC_IRQHandler
                0x0000000008001a94                EXTI3_IRQHandler
                0x0000000008001a94                LPTIM2_IRQHandler
                0x0000000008001a94                I2C3_ER_IRQHandler
                0x0000000008001a94                LPTIM3_IRQHandler
                0x0000000008001a94                EXTI0_IRQHandler
                0x0000000008001a94                I2C2_EV_IRQHandler
                0x0000000008001a94                SPI1_IRQHandler
                0x0000000008001a94                DMA2_Channel2_IRQHandler
                0x0000000008001a94                DMA1_Channel4_IRQHandler
                0x0000000008001a94                PKA_IRQHandler
                0x0000000008001a94                TIM17_IRQHandler
                0x0000000008001a94                DMA1_Channel7_IRQHandler
                0x0000000008001a94                SUBGHZSPI_IRQHandler
                0x0000000008001a94                DMA2_Channel1_IRQHandler
                0x0000000008001a94                I2C1_EV_IRQHandler
                0x0000000008001a94                DMAMUX1_OVR_IRQHandler
                0x0000000008001a94                DMA1_Channel6_IRQHandler
                0x0000000008001a94                TIM16_IRQHandler
                0x0000000008001a94                DMA2_Channel4_IRQHandler
                0x0000000008001a94                RCC_IRQHandler
                0x0000000008001a94                TIM1_TRG_COM_IRQHandler
                0x0000000008001a94                Default_Handler
                0x0000000008001a94                DMA2_Channel7_IRQHandler
                0x0000000008001a94                ADC_IRQHandler
                0x0000000008001a94                I2C3_EV_IRQHandler
                0x0000000008001a94                EXTI9_5_IRQHandler
                0x0000000008001a94                RTC_WKUP_IRQHandler
                0x0000000008001a94                PVD_PVM_IRQHandler
                0x0000000008001a94                SPI2_IRQHandler
                0x0000000008001a94                DMA2_Channel5_IRQHandler
                0x0000000008001a94                DMA1_Channel5_IRQHandler
                0x0000000008001a94                EXTI4_IRQHandler
                0x0000000008001a94                RNG_IRQHandler
                0x0000000008001a94                DMA1_Channel3_IRQHandler
                0x0000000008001a94                COMP_IRQHandler
                0x0000000008001a94                HSEM_IRQHandler
                0x0000000008001a94                TIM1_UP_IRQHandler
                0x0000000008001a94                WWDG_IRQHandler
                0x0000000008001a94                LPUART1_IRQHandler
                0x0000000008001a94                DMA2_Channel6_IRQHandler
                0x0000000008001a94                TIM2_IRQHandler
                0x0000000008001a94                TIM1_BRK_IRQHandler
                0x0000000008001a94                DAC_IRQHandler
                0x0000000008001a94                EXTI1_IRQHandler
                0x0000000008001a94                AES_IRQHandler
                0x0000000008001a94                USART2_IRQHandler
                0x0000000008001a94                I2C2_ER_IRQHandler
                0x0000000008001a94                DMA1_Channel2_IRQHandler
                0x0000000008001a94                FLASH_IRQHandler
                0x0000000008001a94                I2C1_ER_IRQHandler
                0x0000000008001a94                LPTIM1_IRQHandler
                0x0000000008001a94                EXTI2_IRQHandler
 .text.BSP_RADIO_Init
                0x0000000008001a96       0x62 ./Drivers/BSP/STM32WLxx_Nucleo/stm32wlxx_nucleo_radio.o
                0x0000000008001a96                BSP_RADIO_Init
 .text.BSP_RADIO_ConfigRFSwitch
                0x0000000008001af8       0x9c ./Drivers/BSP/STM32WLxx_Nucleo/stm32wlxx_nucleo_radio.o
                0x0000000008001af8                BSP_RADIO_ConfigRFSwitch
 .text.BSP_RADIO_GetTxConfig
                0x0000000008001b94        0xe ./Drivers/BSP/STM32WLxx_Nucleo/stm32wlxx_nucleo_radio.o
                0x0000000008001b94                BSP_RADIO_GetTxConfig
 .text.BSP_RADIO_IsTCXO
                0x0000000008001ba2        0xe ./Drivers/BSP/STM32WLxx_Nucleo/stm32wlxx_nucleo_radio.o
                0x0000000008001ba2                BSP_RADIO_IsTCXO
 .text.BSP_RADIO_IsDCDC
                0x0000000008001bb0        0xe ./Drivers/BSP/STM32WLxx_Nucleo/stm32wlxx_nucleo_radio.o
                0x0000000008001bb0                BSP_RADIO_IsDCDC
 .text.BSP_RADIO_GetRFOMaxPowerConfig
                0x0000000008001bbe       0x26 ./Drivers/BSP/STM32WLxx_Nucleo/stm32wlxx_nucleo_radio.o
                0x0000000008001bbe                BSP_RADIO_GetRFOMaxPowerConfig
 .text.LL_DBGMCU_EnableDBGSleepMode
                0x0000000008001be4       0x1c ./Drivers/STM32WLxx_HAL_Driver/Src/stm32wlxx_hal.o
 .text.LL_DBGMCU_EnableDBGStopMode
                0x0000000008001c00       0x1c ./Drivers/STM32WLxx_HAL_Driver/Src/stm32wlxx_hal.o
 .text.LL_DBGMCU_EnableDBGStandbyMode
                0x0000000008001c1c       0x1c ./Drivers/STM32WLxx_HAL_Driver/Src/stm32wlxx_hal.o
 .text.HAL_Init
                0x0000000008001c38       0x40 ./Drivers/STM32WLxx_HAL_Driver/Src/stm32wlxx_hal.o
                0x0000000008001c38                HAL_Init
 .text.HAL_SuspendTick
                0x0000000008001c78       0x1c ./Drivers/STM32WLxx_HAL_Driver/Src/stm32wlxx_hal.o
                0x0000000008001c78                HAL_SuspendTick
 .text.HAL_ResumeTick
                0x0000000008001c94       0x1c ./Drivers/STM32WLxx_HAL_Driver/Src/stm32wlxx_hal.o
                0x0000000008001c94                HAL_ResumeTick
 .text.HAL_DBGMCU_EnableDBGSleepMode
                0x0000000008001cb0        0xc ./Drivers/STM32WLxx_HAL_Driver/Src/stm32wlxx_hal.o
                0x0000000008001cb0                HAL_DBGMCU_EnableDBGSleepMode
 .text.HAL_DBGMCU_EnableDBGStopMode
                0x0000000008001cbc        0xc ./Drivers/STM32WLxx_HAL_Driver/Src/stm32wlxx_hal.o
                0x0000000008001cbc                HAL_DBGMCU_EnableDBGStopMode
 .text.HAL_DBGMCU_EnableDBGStandbyMode
                0x0000000008001cc8        0xc ./Drivers/STM32WLxx_HAL_Driver/Src/stm32wlxx_hal.o
                0x0000000008001cc8                HAL_DBGMCU_EnableDBGStandbyMode
 .text.__NVIC_SetPriorityGrouping
                0x0000000008001cd4       0x48 ./Drivers/STM32WLxx_HAL_Driver/Src/stm32wlxx_hal_cortex.o
 .text.__NVIC_GetPriorityGrouping
                0x0000000008001d1c       0x1c ./Drivers/STM32WLxx_HAL_Driver/Src/stm32wlxx_hal_cortex.o
 .text.__NVIC_EnableIRQ
                0x0000000008001d38       0x38 ./Drivers/STM32WLxx_HAL_Driver/Src/stm32wlxx_hal_cortex.o
 .text.__NVIC_DisableIRQ
                0x0000000008001d70       0x48 ./Drivers/STM32WLxx_HAL_Driver/Src/stm32wlxx_hal_cortex.o
 .text.__NVIC_SetPriority
                0x0000000008001db8       0x54 ./Drivers/STM32WLxx_HAL_Driver/Src/stm32wlxx_hal_cortex.o
 .text.NVIC_EncodePriority
                0x0000000008001e0c       0x64 ./Drivers/STM32WLxx_HAL_Driver/Src/stm32wlxx_hal_cortex.o
 .text.HAL_NVIC_SetPriorityGrouping
                0x0000000008001e70       0x16 ./Drivers/STM32WLxx_HAL_Driver/Src/stm32wlxx_hal_cortex.o
                0x0000000008001e70                HAL_NVIC_SetPriorityGrouping
 .text.HAL_NVIC_SetPriority
                0x0000000008001e86       0x34 ./Drivers/STM32WLxx_HAL_Driver/Src/stm32wlxx_hal_cortex.o
                0x0000000008001e86                HAL_NVIC_SetPriority
 .text.HAL_NVIC_EnableIRQ
                0x0000000008001eba       0x1c ./Drivers/STM32WLxx_HAL_Driver/Src/stm32wlxx_hal_cortex.o
                0x0000000008001eba                HAL_NVIC_EnableIRQ
 .text.HAL_NVIC_DisableIRQ
                0x0000000008001ed6       0x1c ./Drivers/STM32WLxx_HAL_Driver/Src/stm32wlxx_hal_cortex.o
                0x0000000008001ed6                HAL_NVIC_DisableIRQ
 *fill*         0x0000000008001ef2        0x2 
 .text.HAL_DMA_Init
                0x0000000008001ef4      0x150 ./Drivers/STM32WLxx_HAL_Driver/Src/stm32wlxx_hal_dma.o
                0x0000000008001ef4                HAL_DMA_Init
 .text.HAL_DMA_DeInit
                0x0000000008002044      0x12c ./Drivers/STM32WLxx_HAL_Driver/Src/stm32wlxx_hal_dma.o
                0x0000000008002044                HAL_DMA_DeInit
 .text.HAL_DMA_Start_IT
                0x0000000008002170       0xfc ./Drivers/STM32WLxx_HAL_Driver/Src/stm32wlxx_hal_dma.o
                0x0000000008002170                HAL_DMA_Start_IT
 .text.HAL_DMA_Abort
                0x000000000800226c       0xbc ./Drivers/STM32WLxx_HAL_Driver/Src/stm32wlxx_hal_dma.o
                0x000000000800226c                HAL_DMA_Abort
 .text.HAL_DMA_Abort_IT
                0x0000000008002328       0xbe ./Drivers/STM32WLxx_HAL_Driver/Src/stm32wlxx_hal_dma.o
                0x0000000008002328                HAL_DMA_Abort_IT
 *fill*         0x00000000080023e6        0x2 
 .text.HAL_DMA_IRQHandler
                0x00000000080023e8      0x18c ./Drivers/STM32WLxx_HAL_Driver/Src/stm32wlxx_hal_dma.o
                0x00000000080023e8                HAL_DMA_IRQHandler
 .text.DMA_SetConfig
                0x0000000008002574       0x7a ./Drivers/STM32WLxx_HAL_Driver/Src/stm32wlxx_hal_dma.o
 *fill*         0x00000000080025ee        0x2 
 .text.DMA_CalcDMAMUXChannelBaseAndMask
                0x00000000080025f0       0x90 ./Drivers/STM32WLxx_HAL_Driver/Src/stm32wlxx_hal_dma.o
 .text.DMA_CalcDMAMUXRequestGenBaseAndMask
                0x0000000008002680       0x48 ./Drivers/STM32WLxx_HAL_Driver/Src/stm32wlxx_hal_dma.o
 .text.HAL_GPIO_Init
                0x00000000080026c8      0x2c0 ./Drivers/STM32WLxx_HAL_Driver/Src/stm32wlxx_hal_gpio.o
                0x00000000080026c8                HAL_GPIO_Init
 .text.HAL_GPIO_DeInit
                0x0000000008002988      0x19c ./Drivers/STM32WLxx_HAL_Driver/Src/stm32wlxx_hal_gpio.o
                0x0000000008002988                HAL_GPIO_DeInit
 .text.HAL_GPIO_ReadPin
                0x0000000008002b24       0x2e ./Drivers/STM32WLxx_HAL_Driver/Src/stm32wlxx_hal_gpio.o
                0x0000000008002b24                HAL_GPIO_ReadPin
 .text.HAL_GPIO_WritePin
                0x0000000008002b52       0x2e ./Drivers/STM32WLxx_HAL_Driver/Src/stm32wlxx_hal_gpio.o
                0x0000000008002b52                HAL_GPIO_WritePin
 .text.HAL_GPIO_EXTI_IRQHandler
                0x0000000008002b80       0x30 ./Drivers/STM32WLxx_HAL_Driver/Src/stm32wlxx_hal_gpio.o
                0x0000000008002b80                HAL_GPIO_EXTI_IRQHandler
 .text.HAL_GPIO_EXTI_Callback
                0x0000000008002bb0       0x14 ./Drivers/STM32WLxx_HAL_Driver/Src/stm32wlxx_hal_gpio.o
                0x0000000008002bb0                HAL_GPIO_EXTI_Callback
 .text.HAL_PWR_EnableBkUpAccess
                0x0000000008002bc4       0x1c ./Drivers/STM32WLxx_HAL_Driver/Src/stm32wlxx_hal_pwr.o
                0x0000000008002bc4                HAL_PWR_EnableBkUpAccess
 .text.HAL_PWR_EnterSLEEPMode
                0x0000000008002be0       0x68 ./Drivers/STM32WLxx_HAL_Driver/Src/stm32wlxx_hal_pwr.o
                0x0000000008002be0                HAL_PWR_EnterSLEEPMode
 .text.HAL_PWREx_GetVoltageRange
                0x0000000008002c48       0x18 ./Drivers/STM32WLxx_HAL_Driver/Src/stm32wlxx_hal_pwr_ex.o
                0x0000000008002c48                HAL_PWREx_GetVoltageRange
 .text.HAL_PWREx_EnableLowPowerRunMode
                0x0000000008002c60       0x1c ./Drivers/STM32WLxx_HAL_Driver/Src/stm32wlxx_hal_pwr_ex.o
                0x0000000008002c60                HAL_PWREx_EnableLowPowerRunMode
 .text.HAL_PWREx_DisableLowPowerRunMode
                0x0000000008002c7c       0x6c ./Drivers/STM32WLxx_HAL_Driver/Src/stm32wlxx_hal_pwr_ex.o
                0x0000000008002c7c                HAL_PWREx_DisableLowPowerRunMode
 .text.HAL_PWREx_EnterSTOP2Mode
                0x0000000008002ce8       0x54 ./Drivers/STM32WLxx_HAL_Driver/Src/stm32wlxx_hal_pwr_ex.o
                0x0000000008002ce8                HAL_PWREx_EnterSTOP2Mode
 .text.LL_PWR_IsEnabledBkUpAccess
                0x0000000008002d3c       0x24 ./Drivers/STM32WLxx_HAL_Driver/Src/stm32wlxx_hal_rcc.o
 .text.LL_RCC_HSE_EnableTcxo
                0x0000000008002d60       0x1c ./Drivers/STM32WLxx_HAL_Driver/Src/stm32wlxx_hal_rcc.o
 .text.LL_RCC_HSE_DisableTcxo
                0x0000000008002d7c       0x1c ./Drivers/STM32WLxx_HAL_Driver/Src/stm32wlxx_hal_rcc.o
 .text.LL_RCC_HSE_IsEnabledDiv2
                0x0000000008002d98       0x22 ./Drivers/STM32WLxx_HAL_Driver/Src/stm32wlxx_hal_rcc.o
 .text.LL_RCC_HSE_Enable
                0x0000000008002dba       0x1c ./Drivers/STM32WLxx_HAL_Driver/Src/stm32wlxx_hal_rcc.o
 .text.LL_RCC_HSE_Disable
                0x0000000008002dd6       0x1c ./Drivers/STM32WLxx_HAL_Driver/Src/stm32wlxx_hal_rcc.o
 .text.LL_RCC_HSE_IsReady
                0x0000000008002df2       0x22 ./Drivers/STM32WLxx_HAL_Driver/Src/stm32wlxx_hal_rcc.o
 .text.LL_RCC_HSI_Enable
                0x0000000008002e14       0x1c ./Drivers/STM32WLxx_HAL_Driver/Src/stm32wlxx_hal_rcc.o
 .text.LL_RCC_HSI_Disable
                0x0000000008002e30       0x1c ./Drivers/STM32WLxx_HAL_Driver/Src/stm32wlxx_hal_rcc.o
 .text.LL_RCC_HSI_IsReady
                0x0000000008002e4c       0x22 ./Drivers/STM32WLxx_HAL_Driver/Src/stm32wlxx_hal_rcc.o
 .text.LL_RCC_HSI_SetCalibTrimming
                0x0000000008002e6e       0x28 ./Drivers/STM32WLxx_HAL_Driver/Src/stm32wlxx_hal_rcc.o
 .text.LL_RCC_LSE_IsReady
                0x0000000008002e96       0x22 ./Drivers/STM32WLxx_HAL_Driver/Src/stm32wlxx_hal_rcc.o
 .text.LL_RCC_LSI_Enable
                0x0000000008002eb8       0x20 ./Drivers/STM32WLxx_HAL_Driver/Src/stm32wlxx_hal_rcc.o
 .text.LL_RCC_LSI_Disable
                0x0000000008002ed8       0x20 ./Drivers/STM32WLxx_HAL_Driver/Src/stm32wlxx_hal_rcc.o
 .text.LL_RCC_LSI_IsReady
                0x0000000008002ef8       0x22 ./Drivers/STM32WLxx_HAL_Driver/Src/stm32wlxx_hal_rcc.o
 .text.LL_RCC_MSI_Enable
                0x0000000008002f1a       0x1c ./Drivers/STM32WLxx_HAL_Driver/Src/stm32wlxx_hal_rcc.o
 .text.LL_RCC_MSI_Disable
                0x0000000008002f36       0x1c ./Drivers/STM32WLxx_HAL_Driver/Src/stm32wlxx_hal_rcc.o
 .text.LL_RCC_MSI_IsReady
                0x0000000008002f52       0x20 ./Drivers/STM32WLxx_HAL_Driver/Src/stm32wlxx_hal_rcc.o
 .text.LL_RCC_MSI_IsEnabledRangeSelect
                0x0000000008002f72       0x20 ./Drivers/STM32WLxx_HAL_Driver/Src/stm32wlxx_hal_rcc.o
 .text.LL_RCC_MSI_GetRange
                0x0000000008002f92       0x16 ./Drivers/STM32WLxx_HAL_Driver/Src/stm32wlxx_hal_rcc.o
 .text.LL_RCC_MSI_GetRangeAfterStandby
                0x0000000008002fa8       0x18 ./Drivers/STM32WLxx_HAL_Driver/Src/stm32wlxx_hal_rcc.o
 .text.LL_RCC_MSI_SetCalibTrimming
                0x0000000008002fc0       0x28 ./Drivers/STM32WLxx_HAL_Driver/Src/stm32wlxx_hal_rcc.o
 .text.LL_RCC_SetSysClkSource
                0x0000000008002fe8       0x26 ./Drivers/STM32WLxx_HAL_Driver/Src/stm32wlxx_hal_rcc.o
 .text.LL_RCC_GetSysClkSource
                0x000000000800300e       0x16 ./Drivers/STM32WLxx_HAL_Driver/Src/stm32wlxx_hal_rcc.o
 .text.LL_RCC_SetAHBPrescaler
                0x0000000008003024       0x26 ./Drivers/STM32WLxx_HAL_Driver/Src/stm32wlxx_hal_rcc.o
 .text.LL_RCC_SetAHB3Prescaler
                0x000000000800304a       0x2c ./Drivers/STM32WLxx_HAL_Driver/Src/stm32wlxx_hal_rcc.o
 .text.LL_RCC_SetAPB1Prescaler
                0x0000000008003076       0x26 ./Drivers/STM32WLxx_HAL_Driver/Src/stm32wlxx_hal_rcc.o
 .text.LL_RCC_SetAPB2Prescaler
                0x000000000800309c       0x26 ./Drivers/STM32WLxx_HAL_Driver/Src/stm32wlxx_hal_rcc.o
 .text.LL_RCC_GetAHBPrescaler
                0x00000000080030c2       0x16 ./Drivers/STM32WLxx_HAL_Driver/Src/stm32wlxx_hal_rcc.o
 .text.LL_RCC_GetAHB3Prescaler
                0x00000000080030d8       0x1a ./Drivers/STM32WLxx_HAL_Driver/Src/stm32wlxx_hal_rcc.o
 .text.LL_RCC_GetAPB1Prescaler
                0x00000000080030f2       0x16 ./Drivers/STM32WLxx_HAL_Driver/Src/stm32wlxx_hal_rcc.o
 .text.LL_RCC_GetAPB2Prescaler
                0x0000000008003108       0x16 ./Drivers/STM32WLxx_HAL_Driver/Src/stm32wlxx_hal_rcc.o
 .text.LL_RCC_PLL_Enable
                0x000000000800311e       0x1c ./Drivers/STM32WLxx_HAL_Driver/Src/stm32wlxx_hal_rcc.o
 .text.LL_RCC_PLL_Disable
                0x000000000800313a       0x1c ./Drivers/STM32WLxx_HAL_Driver/Src/stm32wlxx_hal_rcc.o
 .text.LL_RCC_PLL_IsReady
                0x0000000008003156       0x22 ./Drivers/STM32WLxx_HAL_Driver/Src/stm32wlxx_hal_rcc.o
 .text.LL_RCC_PLL_GetN
                0x0000000008003178       0x18 ./Drivers/STM32WLxx_HAL_Driver/Src/stm32wlxx_hal_rcc.o
 .text.LL_RCC_PLL_GetR
                0x0000000008003190       0x16 ./Drivers/STM32WLxx_HAL_Driver/Src/stm32wlxx_hal_rcc.o
 .text.LL_RCC_PLL_GetDivider
                0x00000000080031a6       0x16 ./Drivers/STM32WLxx_HAL_Driver/Src/stm32wlxx_hal_rcc.o
 .text.LL_RCC_PLL_GetMainSource
                0x00000000080031bc       0x16 ./Drivers/STM32WLxx_HAL_Driver/Src/stm32wlxx_hal_rcc.o
 .text.LL_RCC_IsActiveFlag_HPRE
                0x00000000080031d2       0x22 ./Drivers/STM32WLxx_HAL_Driver/Src/stm32wlxx_hal_rcc.o
 .text.LL_RCC_IsActiveFlag_SHDHPRE
                0x00000000080031f4       0x24 ./Drivers/STM32WLxx_HAL_Driver/Src/stm32wlxx_hal_rcc.o
 .text.LL_RCC_IsActiveFlag_PPRE1
                0x0000000008003218       0x22 ./Drivers/STM32WLxx_HAL_Driver/Src/stm32wlxx_hal_rcc.o
 .text.LL_RCC_IsActiveFlag_PPRE2
                0x000000000800323a       0x22 ./Drivers/STM32WLxx_HAL_Driver/Src/stm32wlxx_hal_rcc.o
 .text.HAL_RCC_OscConfig
                0x000000000800325c      0x738 ./Drivers/STM32WLxx_HAL_Driver/Src/stm32wlxx_hal_rcc.o
                0x000000000800325c                HAL_RCC_OscConfig
 .text.HAL_RCC_ClockConfig
                0x0000000008003994      0x248 ./Drivers/STM32WLxx_HAL_Driver/Src/stm32wlxx_hal_rcc.o
                0x0000000008003994                HAL_RCC_ClockConfig
 .text.HAL_RCC_GetSysClockFreq
                0x0000000008003bdc      0x140 ./Drivers/STM32WLxx_HAL_Driver/Src/stm32wlxx_hal_rcc.o
                0x0000000008003bdc                HAL_RCC_GetSysClockFreq
 .text.HAL_RCC_GetHCLKFreq
                0x0000000008003d1c       0x28 ./Drivers/STM32WLxx_HAL_Driver/Src/stm32wlxx_hal_rcc.o
                0x0000000008003d1c                HAL_RCC_GetHCLKFreq
 .text.HAL_RCC_GetPCLK1Freq
                0x0000000008003d44       0x24 ./Drivers/STM32WLxx_HAL_Driver/Src/stm32wlxx_hal_rcc.o
                0x0000000008003d44                HAL_RCC_GetPCLK1Freq
 .text.HAL_RCC_GetPCLK2Freq
                0x0000000008003d68       0x24 ./Drivers/STM32WLxx_HAL_Driver/Src/stm32wlxx_hal_rcc.o
                0x0000000008003d68                HAL_RCC_GetPCLK2Freq
 .text.RCC_SetFlashLatencyFromMSIRange
                0x0000000008003d8c       0x60 ./Drivers/STM32WLxx_HAL_Driver/Src/stm32wlxx_hal_rcc.o
 .text.RCC_SetFlashLatency
                0x0000000008003dec      0x104 ./Drivers/STM32WLxx_HAL_Driver/Src/stm32wlxx_hal_rcc.o
 .text.LL_RCC_LSE_IsReady
                0x0000000008003ef0       0x22 ./Drivers/STM32WLxx_HAL_Driver/Src/stm32wlxx_hal_rcc_ex.o
 .text.LL_RCC_SetUSARTClockSource
                0x0000000008003f12       0x30 ./Drivers/STM32WLxx_HAL_Driver/Src/stm32wlxx_hal_rcc_ex.o
 .text.LL_RCC_SetI2SClockSource
                0x0000000008003f42       0x2a ./Drivers/STM32WLxx_HAL_Driver/Src/stm32wlxx_hal_rcc_ex.o
 .text.LL_RCC_SetLPUARTClockSource
                0x0000000008003f6c       0x2a ./Drivers/STM32WLxx_HAL_Driver/Src/stm32wlxx_hal_rcc_ex.o
 .text.LL_RCC_SetI2CClockSource
                0x0000000008003f96       0x38 ./Drivers/STM32WLxx_HAL_Driver/Src/stm32wlxx_hal_rcc_ex.o
 .text.LL_RCC_SetLPTIMClockSource
                0x0000000008003fce       0x32 ./Drivers/STM32WLxx_HAL_Driver/Src/stm32wlxx_hal_rcc_ex.o
 .text.LL_RCC_SetRNGClockSource
                0x0000000008004000       0x2a ./Drivers/STM32WLxx_HAL_Driver/Src/stm32wlxx_hal_rcc_ex.o
 .text.LL_RCC_SetADCClockSource
                0x000000000800402a       0x2a ./Drivers/STM32WLxx_HAL_Driver/Src/stm32wlxx_hal_rcc_ex.o
 .text.LL_RCC_SetRTCClockSource
                0x0000000008004054       0x2a ./Drivers/STM32WLxx_HAL_Driver/Src/stm32wlxx_hal_rcc_ex.o
 .text.LL_RCC_GetRTCClockSource
                0x000000000800407e       0x18 ./Drivers/STM32WLxx_HAL_Driver/Src/stm32wlxx_hal_rcc_ex.o
 .text.LL_RCC_ForceBackupDomainReset
                0x0000000008004096       0x20 ./Drivers/STM32WLxx_HAL_Driver/Src/stm32wlxx_hal_rcc_ex.o
 .text.LL_RCC_ReleaseBackupDomainReset
                0x00000000080040b6       0x20 ./Drivers/STM32WLxx_HAL_Driver/Src/stm32wlxx_hal_rcc_ex.o
 *fill*         0x00000000080040d6        0x2 
 .text.HAL_RCCEx_PeriphCLKConfig
                0x00000000080040d8      0x234 ./Drivers/STM32WLxx_HAL_Driver/Src/stm32wlxx_hal_rcc_ex.o
                0x00000000080040d8                HAL_RCCEx_PeriphCLKConfig
 .text.HAL_RTC_Init
                0x000000000800430c       0xf4 ./Drivers/STM32WLxx_HAL_Driver/Src/stm32wlxx_hal_rtc.o
                0x000000000800430c                HAL_RTC_Init
 .text.HAL_RTC_SetAlarm_IT
                0x0000000008004400      0x218 ./Drivers/STM32WLxx_HAL_Driver/Src/stm32wlxx_hal_rtc.o
                0x0000000008004400                HAL_RTC_SetAlarm_IT
 .text.HAL_RTC_DeactivateAlarm
                0x0000000008004618       0xb8 ./Drivers/STM32WLxx_HAL_Driver/Src/stm32wlxx_hal_rtc.o
                0x0000000008004618                HAL_RTC_DeactivateAlarm
 .text.HAL_RTC_AlarmIRQHandler
                0x00000000080046d0       0x54 ./Drivers/STM32WLxx_HAL_Driver/Src/stm32wlxx_hal_rtc.o
                0x00000000080046d0                HAL_RTC_AlarmIRQHandler
 .text.HAL_RTC_WaitForSynchro
                0x0000000008004724       0x4c ./Drivers/STM32WLxx_HAL_Driver/Src/stm32wlxx_hal_rtc.o
                0x0000000008004724                HAL_RTC_WaitForSynchro
 .text.RTC_EnterInitMode
                0x0000000008004770       0x68 ./Drivers/STM32WLxx_HAL_Driver/Src/stm32wlxx_hal_rtc.o
                0x0000000008004770                RTC_EnterInitMode
 .text.RTC_ExitInitMode
                0x00000000080047d8       0x7c ./Drivers/STM32WLxx_HAL_Driver/Src/stm32wlxx_hal_rtc.o
                0x00000000080047d8                RTC_ExitInitMode
 .text.RTC_ByteToBcd2
                0x0000000008004854       0x3e ./Drivers/STM32WLxx_HAL_Driver/Src/stm32wlxx_hal_rtc.o
                0x0000000008004854                RTC_ByteToBcd2
 *fill*         0x0000000008004892        0x2 
 .text.HAL_RTCEx_EnableBypassShadow
                0x0000000008004894       0x64 ./Drivers/STM32WLxx_HAL_Driver/Src/stm32wlxx_hal_rtc_ex.o
                0x0000000008004894                HAL_RTCEx_EnableBypassShadow
 .text.HAL_RTCEx_SetSSRU_IT
                0x00000000080048f8       0x78 ./Drivers/STM32WLxx_HAL_Driver/Src/stm32wlxx_hal_rtc_ex.o
                0x00000000080048f8                HAL_RTCEx_SetSSRU_IT
 .text.HAL_RTCEx_SSRUIRQHandler
                0x0000000008004970       0x34 ./Drivers/STM32WLxx_HAL_Driver/Src/stm32wlxx_hal_rtc_ex.o
                0x0000000008004970                HAL_RTCEx_SSRUIRQHandler
 .text.HAL_RTCEx_AlarmBEventCallback
                0x00000000080049a4       0x12 ./Drivers/STM32WLxx_HAL_Driver/Src/stm32wlxx_hal_rtc_ex.o
                0x00000000080049a4                HAL_RTCEx_AlarmBEventCallback
 *fill*         0x00000000080049b6        0x2 
 .text.HAL_RTCEx_BKUPWrite
                0x00000000080049b8       0x30 ./Drivers/STM32WLxx_HAL_Driver/Src/stm32wlxx_hal_rtc_ex.o
                0x00000000080049b8                HAL_RTCEx_BKUPWrite
 .text.HAL_RTCEx_BKUPRead
                0x00000000080049e8       0x2c ./Drivers/STM32WLxx_HAL_Driver/Src/stm32wlxx_hal_rtc_ex.o
                0x00000000080049e8                HAL_RTCEx_BKUPRead
 .text.LL_PWR_SetRadioBusyTrigger
                0x0000000008004a14       0x28 ./Drivers/STM32WLxx_HAL_Driver/Src/stm32wlxx_hal_subghz.o
 .text.LL_PWR_UnselectSUBGHZSPI_NSS
                0x0000000008004a3c       0x20 ./Drivers/STM32WLxx_HAL_Driver/Src/stm32wlxx_hal_subghz.o
 .text.LL_PWR_SelectSUBGHZSPI_NSS
                0x0000000008004a5c       0x20 ./Drivers/STM32WLxx_HAL_Driver/Src/stm32wlxx_hal_subghz.o
 .text.LL_PWR_ClearFlag_RFBUSY
                0x0000000008004a7c       0x18 ./Drivers/STM32WLxx_HAL_Driver/Src/stm32wlxx_hal_subghz.o
 .text.LL_PWR_IsActiveFlag_RFBUSYS
                0x0000000008004a94       0x24 ./Drivers/STM32WLxx_HAL_Driver/Src/stm32wlxx_hal_subghz.o
 .text.LL_PWR_IsActiveFlag_RFBUSYMS
                0x0000000008004ab8       0x24 ./Drivers/STM32WLxx_HAL_Driver/Src/stm32wlxx_hal_subghz.o
 .text.LL_RCC_RF_DisableReset
                0x0000000008004adc       0x20 ./Drivers/STM32WLxx_HAL_Driver/Src/stm32wlxx_hal_subghz.o
 .text.LL_RCC_IsRFUnderReset
                0x0000000008004afc       0x24 ./Drivers/STM32WLxx_HAL_Driver/Src/stm32wlxx_hal_subghz.o
 .text.LL_EXTI_EnableIT_32_63
                0x0000000008004b20       0x28 ./Drivers/STM32WLxx_HAL_Driver/Src/stm32wlxx_hal_subghz.o
 .text.HAL_SUBGHZ_Init
                0x0000000008004b48       0xbc ./Drivers/STM32WLxx_HAL_Driver/Src/stm32wlxx_hal_subghz.o
                0x0000000008004b48                HAL_SUBGHZ_Init
 .text.HAL_SUBGHZ_WriteRegisters
                0x0000000008004c04       0xbe ./Drivers/STM32WLxx_HAL_Driver/Src/stm32wlxx_hal_subghz.o
                0x0000000008004c04                HAL_SUBGHZ_WriteRegisters
 .text.HAL_SUBGHZ_ReadRegisters
                0x0000000008004cc2       0xc2 ./Drivers/STM32WLxx_HAL_Driver/Src/stm32wlxx_hal_subghz.o
                0x0000000008004cc2                HAL_SUBGHZ_ReadRegisters
 .text.HAL_SUBGHZ_ExecSetCmd
                0x0000000008004d84       0xbe ./Drivers/STM32WLxx_HAL_Driver/Src/stm32wlxx_hal_subghz.o
                0x0000000008004d84                HAL_SUBGHZ_ExecSetCmd
 .text.HAL_SUBGHZ_ExecGetCmd
                0x0000000008004e42       0xa8 ./Drivers/STM32WLxx_HAL_Driver/Src/stm32wlxx_hal_subghz.o
                0x0000000008004e42                HAL_SUBGHZ_ExecGetCmd
 .text.HAL_SUBGHZ_WriteBuffer
                0x0000000008004eea       0xa6 ./Drivers/STM32WLxx_HAL_Driver/Src/stm32wlxx_hal_subghz.o
                0x0000000008004eea                HAL_SUBGHZ_WriteBuffer
 .text.HAL_SUBGHZ_ReadBuffer
                0x0000000008004f90       0xb0 ./Drivers/STM32WLxx_HAL_Driver/Src/stm32wlxx_hal_subghz.o
                0x0000000008004f90                HAL_SUBGHZ_ReadBuffer
 .text.HAL_SUBGHZ_IRQHandler
                0x0000000008005040       0xfc ./Drivers/STM32WLxx_HAL_Driver/Src/stm32wlxx_hal_subghz.o
                0x0000000008005040                HAL_SUBGHZ_IRQHandler
 .text.SUBGHZSPI_Init
                0x000000000800513c       0x40 ./Drivers/STM32WLxx_HAL_Driver/Src/stm32wlxx_hal_subghz.o
                0x000000000800513c                SUBGHZSPI_Init
 .text.SUBGHZSPI_Transmit
                0x000000000800517c       0xac ./Drivers/STM32WLxx_HAL_Driver/Src/stm32wlxx_hal_subghz.o
                0x000000000800517c                SUBGHZSPI_Transmit
 .text.SUBGHZSPI_Receive
                0x0000000008005228       0xb0 ./Drivers/STM32WLxx_HAL_Driver/Src/stm32wlxx_hal_subghz.o
                0x0000000008005228                SUBGHZSPI_Receive
 .text.SUBGHZ_CheckDeviceReady
                0x00000000080052d8       0x48 ./Drivers/STM32WLxx_HAL_Driver/Src/stm32wlxx_hal_subghz.o
                0x00000000080052d8                SUBGHZ_CheckDeviceReady
 .text.SUBGHZ_WaitOnBusy
                0x0000000008005320       0x5c ./Drivers/STM32WLxx_HAL_Driver/Src/stm32wlxx_hal_subghz.o
                0x0000000008005320                SUBGHZ_WaitOnBusy
 .text.LL_RCC_GetUSARTClockSource
                0x000000000800537c       0x24 ./Drivers/STM32WLxx_HAL_Driver/Src/stm32wlxx_hal_uart.o
 .text.LL_RCC_GetLPUARTClockSource
                0x00000000080053a0       0x1e ./Drivers/STM32WLxx_HAL_Driver/Src/stm32wlxx_hal_uart.o
 .text.HAL_UART_Init
                0x00000000080053be       0xa0 ./Drivers/STM32WLxx_HAL_Driver/Src/stm32wlxx_hal_uart.o
                0x00000000080053be                HAL_UART_Init
 *fill*         0x000000000800545e        0x2 
 .text.HAL_UART_Receive_IT
                0x0000000008005460       0xac ./Drivers/STM32WLxx_HAL_Driver/Src/stm32wlxx_hal_uart.o
                0x0000000008005460                HAL_UART_Receive_IT
 .text.HAL_UART_Transmit_DMA
                0x000000000800550c      0x124 ./Drivers/STM32WLxx_HAL_Driver/Src/stm32wlxx_hal_uart.o
                0x000000000800550c                HAL_UART_Transmit_DMA
 .text.HAL_UART_IRQHandler
                0x0000000008005630      0x630 ./Drivers/STM32WLxx_HAL_Driver/Src/stm32wlxx_hal_uart.o
                0x0000000008005630                HAL_UART_IRQHandler
 .text.HAL_UART_TxHalfCpltCallback
                0x0000000008005c60       0x12 ./Drivers/STM32WLxx_HAL_Driver/Src/stm32wlxx_hal_uart.o
                0x0000000008005c60                HAL_UART_TxHalfCpltCallback
 .text.HAL_UART_ErrorCallback
                0x0000000008005c72       0x12 ./Drivers/STM32WLxx_HAL_Driver/Src/stm32wlxx_hal_uart.o
                0x0000000008005c72                HAL_UART_ErrorCallback
 .text.HAL_UARTEx_RxEventCallback
                0x0000000008005c84       0x16 ./Drivers/STM32WLxx_HAL_Driver/Src/stm32wlxx_hal_uart.o
                0x0000000008005c84                HAL_UARTEx_RxEventCallback
 *fill*         0x0000000008005c9a        0x2 
 .text.UART_SetConfig
                0x0000000008005c9c      0x4e8 ./Drivers/STM32WLxx_HAL_Driver/Src/stm32wlxx_hal_uart.o
                0x0000000008005c9c                UART_SetConfig
 .text.UART_AdvFeatureConfig
                0x0000000008006184      0x142 ./Drivers/STM32WLxx_HAL_Driver/Src/stm32wlxx_hal_uart.o
                0x0000000008006184                UART_AdvFeatureConfig
 .text.UART_CheckIdleState
                0x00000000080062c6       0x96 ./Drivers/STM32WLxx_HAL_Driver/Src/stm32wlxx_hal_uart.o
                0x00000000080062c6                UART_CheckIdleState
 .text.UART_WaitOnFlagUntilTimeout
                0x000000000800635c      0x190 ./Drivers/STM32WLxx_HAL_Driver/Src/stm32wlxx_hal_uart.o
                0x000000000800635c                UART_WaitOnFlagUntilTimeout
 .text.UART_Start_Receive_IT
                0x00000000080064ec      0x250 ./Drivers/STM32WLxx_HAL_Driver/Src/stm32wlxx_hal_uart.o
                0x00000000080064ec                UART_Start_Receive_IT
 .text.UART_EndTxTransfer
                0x000000000800673c       0x80 ./Drivers/STM32WLxx_HAL_Driver/Src/stm32wlxx_hal_uart.o
 .text.UART_EndRxTransfer
                0x00000000080067bc       0xca ./Drivers/STM32WLxx_HAL_Driver/Src/stm32wlxx_hal_uart.o
 .text.UART_DMATransmitCplt
                0x0000000008006886       0x9a ./Drivers/STM32WLxx_HAL_Driver/Src/stm32wlxx_hal_uart.o
 .text.UART_DMATxHalfCplt
                0x0000000008006920       0x1c ./Drivers/STM32WLxx_HAL_Driver/Src/stm32wlxx_hal_uart.o
 .text.UART_DMAError
                0x000000000800693c       0x80 ./Drivers/STM32WLxx_HAL_Driver/Src/stm32wlxx_hal_uart.o
 .text.UART_DMAAbortOnError
                0x00000000080069bc       0x2c ./Drivers/STM32WLxx_HAL_Driver/Src/stm32wlxx_hal_uart.o
 .text.UART_EndTransmit_IT
                0x00000000080069e8       0x56 ./Drivers/STM32WLxx_HAL_Driver/Src/stm32wlxx_hal_uart.o
 .text.UART_RxISR_8BIT
                0x0000000008006a3e      0x160 ./Drivers/STM32WLxx_HAL_Driver/Src/stm32wlxx_hal_uart.o
 .text.UART_RxISR_16BIT
                0x0000000008006b9e      0x160 ./Drivers/STM32WLxx_HAL_Driver/Src/stm32wlxx_hal_uart.o
 *fill*         0x0000000008006cfe        0x2 
 .text.UART_RxISR_8BIT_FIFOEN
                0x0000000008006d00      0x2f8 ./Drivers/STM32WLxx_HAL_Driver/Src/stm32wlxx_hal_uart.o
 .text.UART_RxISR_16BIT_FIFOEN
                0x0000000008006ff8      0x300 ./Drivers/STM32WLxx_HAL_Driver/Src/stm32wlxx_hal_uart.o
 .text.HAL_UARTEx_WakeupCallback
                0x00000000080072f8       0x12 ./Drivers/STM32WLxx_HAL_Driver/Src/stm32wlxx_hal_uart_ex.o
                0x00000000080072f8                HAL_UARTEx_WakeupCallback
 .text.HAL_UARTEx_RxFifoFullCallback
                0x000000000800730a       0x12 ./Drivers/STM32WLxx_HAL_Driver/Src/stm32wlxx_hal_uart_ex.o
                0x000000000800730a                HAL_UARTEx_RxFifoFullCallback
 .text.HAL_UARTEx_TxFifoEmptyCallback
                0x000000000800731c       0x12 ./Drivers/STM32WLxx_HAL_Driver/Src/stm32wlxx_hal_uart_ex.o
                0x000000000800731c                HAL_UARTEx_TxFifoEmptyCallback
 .text.HAL_UARTEx_StopModeWakeUpSourceConfig
                0x000000000800732e       0xb6 ./Drivers/STM32WLxx_HAL_Driver/Src/stm32wlxx_hal_uart_ex.o
                0x000000000800732e                HAL_UARTEx_StopModeWakeUpSourceConfig
 .text.HAL_UARTEx_EnableStopMode
                0x00000000080073e4       0x64 ./Drivers/STM32WLxx_HAL_Driver/Src/stm32wlxx_hal_uart_ex.o
                0x00000000080073e4                HAL_UARTEx_EnableStopMode
 .text.HAL_UARTEx_EnableFifoMode
                0x0000000008007448       0x76 ./Drivers/STM32WLxx_HAL_Driver/Src/stm32wlxx_hal_uart_ex.o
                0x0000000008007448                HAL_UARTEx_EnableFifoMode
 .text.HAL_UARTEx_SetTxFifoThreshold
                0x00000000080074be       0x7c ./Drivers/STM32WLxx_HAL_Driver/Src/stm32wlxx_hal_uart_ex.o
                0x00000000080074be                HAL_UARTEx_SetTxFifoThreshold
 .text.HAL_UARTEx_SetRxFifoThreshold
                0x000000000800753a       0x7c ./Drivers/STM32WLxx_HAL_Driver/Src/stm32wlxx_hal_uart_ex.o
                0x000000000800753a                HAL_UARTEx_SetRxFifoThreshold
 .text.UARTEx_Wakeup_AddressConfig
                0x00000000080075b6       0x44 ./Drivers/STM32WLxx_HAL_Driver/Src/stm32wlxx_hal_uart_ex.o
 *fill*         0x00000000080075fa        0x2 
 .text.UARTEx_SetNbDataToProcess
                0x00000000080075fc       0x98 ./Drivers/STM32WLxx_HAL_Driver/Src/stm32wlxx_hal_uart_ex.o
 .text.RadioInit
                0x0000000008007694       0xb8 ./Middlewares/Third_Party/SubGHz_Phy/stm32_radio_driver/radio.o
 .text.RadioGetStatus
                0x000000000800774c       0x2e ./Middlewares/Third_Party/SubGHz_Phy/stm32_radio_driver/radio.o
 *fill*         0x000000000800777a        0x2 
 .text.RadioSetModem
                0x000000000800777c       0xb8 ./Middlewares/Third_Party/SubGHz_Phy/stm32_radio_driver/radio.o
 .text.RadioSetChannel
                0x0000000008007834       0x16 ./Middlewares/Third_Party/SubGHz_Phy/stm32_radio_driver/radio.o
 .text.RadioIsChannelFree
                0x000000000800784a       0xb4 ./Middlewares/Third_Party/SubGHz_Phy/stm32_radio_driver/radio.o
 .text.RadioRandom
                0x00000000080078fe       0x26 ./Middlewares/Third_Party/SubGHz_Phy/stm32_radio_driver/radio.o
 .text.RadioSetRxConfig
                0x0000000008007924      0x400 ./Middlewares/Third_Party/SubGHz_Phy/stm32_radio_driver/radio.o
 .text.RadioSetTxConfig
                0x0000000008007d24      0x218 ./Middlewares/Third_Party/SubGHz_Phy/stm32_radio_driver/radio.o
 .text.RadioCheckRfFrequency
                0x0000000008007f3c       0x14 ./Middlewares/Third_Party/SubGHz_Phy/stm32_radio_driver/radio.o
 .text.RadioGetLoRaBandwidthInHz
                0x0000000008007f50       0xac ./Middlewares/Third_Party/SubGHz_Phy/stm32_radio_driver/radio.o
 .text.RadioGetGfskTimeOnAirNumerator
                0x0000000008007ffc       0x54 ./Middlewares/Third_Party/SubGHz_Phy/stm32_radio_driver/radio.o
 .text.RadioGetLoRaTimeOnAirNumerator
                0x0000000008008050      0x102 ./Middlewares/Third_Party/SubGHz_Phy/stm32_radio_driver/radio.o
 *fill*         0x0000000008008152        0x2 
 .text.RadioTimeOnAir
                0x0000000008008154       0xb0 ./Middlewares/Third_Party/SubGHz_Phy/stm32_radio_driver/radio.o
 .text.RadioSend
                0x0000000008008204      0x1f8 ./Middlewares/Third_Party/SubGHz_Phy/stm32_radio_driver/radio.o
 .text.RadioSleep
                0x00000000080083fc       0x26 ./Middlewares/Third_Party/SubGHz_Phy/stm32_radio_driver/radio.o
 .text.RadioStandby
                0x0000000008008422        0xe ./Middlewares/Third_Party/SubGHz_Phy/stm32_radio_driver/radio.o
 .text.RadioRx  0x0000000008008430       0x80 ./Middlewares/Third_Party/SubGHz_Phy/stm32_radio_driver/radio.o
 .text.RadioRxBoosted
                0x00000000080084b0       0x80 ./Middlewares/Third_Party/SubGHz_Phy/stm32_radio_driver/radio.o
 .text.RadioSetRxDutyCycle
                0x0000000008008530       0x48 ./Middlewares/Third_Party/SubGHz_Phy/stm32_radio_driver/radio.o
 .text.RadioStartCad
                0x0000000008008578       0x30 ./Middlewares/Third_Party/SubGHz_Phy/stm32_radio_driver/radio.o
 .text.RadioSetTxContinuousWave
                0x00000000080085a8       0x58 ./Middlewares/Third_Party/SubGHz_Phy/stm32_radio_driver/radio.o
 .text.RadioRssi
                0x0000000008008600       0x1a ./Middlewares/Third_Party/SubGHz_Phy/stm32_radio_driver/radio.o
 .text.RadioWrite
                0x000000000800861a       0x24 ./Middlewares/Third_Party/SubGHz_Phy/stm32_radio_driver/radio.o
 .text.RadioRead
                0x000000000800863e       0x1c ./Middlewares/Third_Party/SubGHz_Phy/stm32_radio_driver/radio.o
 .text.RadioWriteRegisters
                0x000000000800865a       0x26 ./Middlewares/Third_Party/SubGHz_Phy/stm32_radio_driver/radio.o
 .text.RadioReadRegisters
                0x0000000008008680       0x26 ./Middlewares/Third_Party/SubGHz_Phy/stm32_radio_driver/radio.o
 *fill*         0x00000000080086a6        0x2 
 .text.RadioSetMaxPayloadLength
                0x00000000080086a8       0x5c ./Middlewares/Third_Party/SubGHz_Phy/stm32_radio_driver/radio.o
 .text.RadioSetPublicNetwork
                0x0000000008008704       0x5c ./Middlewares/Third_Party/SubGHz_Phy/stm32_radio_driver/radio.o
 .text.RadioGetWakeupTime
                0x0000000008008760       0x10 ./Middlewares/Third_Party/SubGHz_Phy/stm32_radio_driver/radio.o
 .text.RadioOnTxTimeoutIrq
                0x0000000008008770       0x14 ./Middlewares/Third_Party/SubGHz_Phy/stm32_radio_driver/radio.o
 .text.RadioOnRxTimeoutIrq
                0x0000000008008784       0x14 ./Middlewares/Third_Party/SubGHz_Phy/stm32_radio_driver/radio.o
 .text.RadioOnTxTimeoutProcess
                0x0000000008008798       0x28 ./Middlewares/Third_Party/SubGHz_Phy/stm32_radio_driver/radio.o
 .text.RadioOnRxTimeoutProcess
                0x00000000080087c0       0x28 ./Middlewares/Third_Party/SubGHz_Phy/stm32_radio_driver/radio.o
 .text.RadioOnDioIrq
                0x00000000080087e8       0x24 ./Middlewares/Third_Party/SubGHz_Phy/stm32_radio_driver/radio.o
 .text.RadioIrqProcess
                0x000000000800880c      0x448 ./Middlewares/Third_Party/SubGHz_Phy/stm32_radio_driver/radio.o
 .text.RadioTxPrbs
                0x0000000008008c54       0x38 ./Middlewares/Third_Party/SubGHz_Phy/stm32_radio_driver/radio.o
 .text.RadioTxCw
                0x0000000008008c8c       0x2e ./Middlewares/Third_Party/SubGHz_Phy/stm32_radio_driver/radio.o
 .text.payload_integration
                0x0000000008008cba      0x120 ./Middlewares/Third_Party/SubGHz_Phy/stm32_radio_driver/radio.o
 *fill*         0x0000000008008dda        0x2 
 .text.RadioSetRxGenericConfig
                0x0000000008008ddc      0x388 ./Middlewares/Third_Party/SubGHz_Phy/stm32_radio_driver/radio.o
 .text.RadioSetTxGenericConfig
                0x0000000008009164      0x46c ./Middlewares/Third_Party/SubGHz_Phy/stm32_radio_driver/radio.o
 .text.SUBGRF_Init
                0x00000000080095d0       0x84 ./Middlewares/Third_Party/SubGHz_Phy/stm32_radio_driver/radio_driver.o
                0x00000000080095d0                SUBGRF_Init
 .text.SUBGRF_GetOperatingMode
                0x0000000008009654       0x14 ./Middlewares/Third_Party/SubGHz_Phy/stm32_radio_driver/radio_driver.o
                0x0000000008009654                SUBGRF_GetOperatingMode
 .text.SUBGRF_SetPayload
                0x0000000008009668       0x20 ./Middlewares/Third_Party/SubGHz_Phy/stm32_radio_driver/radio_driver.o
                0x0000000008009668                SUBGRF_SetPayload
 .text.SUBGRF_GetPayload
                0x0000000008009688       0x44 ./Middlewares/Third_Party/SubGHz_Phy/stm32_radio_driver/radio_driver.o
                0x0000000008009688                SUBGRF_GetPayload
 .text.SUBGRF_SendPayload
                0x00000000080096cc       0x26 ./Middlewares/Third_Party/SubGHz_Phy/stm32_radio_driver/radio_driver.o
                0x00000000080096cc                SUBGRF_SendPayload
 .text.SUBGRF_SetSyncWord
                0x00000000080096f2       0x1e ./Middlewares/Third_Party/SubGHz_Phy/stm32_radio_driver/radio_driver.o
                0x00000000080096f2                SUBGRF_SetSyncWord
 .text.SUBGRF_SetCrcSeed
                0x0000000008009710       0x40 ./Middlewares/Third_Party/SubGHz_Phy/stm32_radio_driver/radio_driver.o
                0x0000000008009710                SUBGRF_SetCrcSeed
 .text.SUBGRF_SetCrcPolynomial
                0x0000000008009750       0x40 ./Middlewares/Third_Party/SubGHz_Phy/stm32_radio_driver/radio_driver.o
                0x0000000008009750                SUBGRF_SetCrcPolynomial
 .text.SUBGRF_SetWhiteningSeed
                0x0000000008009790       0x66 ./Middlewares/Third_Party/SubGHz_Phy/stm32_radio_driver/radio_driver.o
                0x0000000008009790                SUBGRF_SetWhiteningSeed
 .text.SUBGRF_GetRandom
                0x00000000080097f6       0x8c ./Middlewares/Third_Party/SubGHz_Phy/stm32_radio_driver/radio_driver.o
                0x00000000080097f6                SUBGRF_GetRandom
 *fill*         0x0000000008009882        0x2 
 .text.SUBGRF_SetSleep
                0x0000000008009884       0x64 ./Middlewares/Third_Party/SubGHz_Phy/stm32_radio_driver/radio_driver.o
                0x0000000008009884                SUBGRF_SetSleep
 .text.SUBGRF_SetStandby
                0x00000000080098e8       0x38 ./Middlewares/Third_Party/SubGHz_Phy/stm32_radio_driver/radio_driver.o
                0x00000000080098e8                SUBGRF_SetStandby
 .text.SUBGRF_SetTx
                0x0000000008009920       0x40 ./Middlewares/Third_Party/SubGHz_Phy/stm32_radio_driver/radio_driver.o
                0x0000000008009920                SUBGRF_SetTx
 .text.SUBGRF_SetRx
                0x0000000008009960       0x40 ./Middlewares/Third_Party/SubGHz_Phy/stm32_radio_driver/radio_driver.o
                0x0000000008009960                SUBGRF_SetRx
 .text.SUBGRF_SetRxBoosted
                0x00000000080099a0       0x48 ./Middlewares/Third_Party/SubGHz_Phy/stm32_radio_driver/radio_driver.o
                0x00000000080099a0                SUBGRF_SetRxBoosted
 .text.SUBGRF_SetRxDutyCycle
                0x00000000080099e8       0x58 ./Middlewares/Third_Party/SubGHz_Phy/stm32_radio_driver/radio_driver.o
                0x00000000080099e8                SUBGRF_SetRxDutyCycle
 .text.SUBGRF_SetCad
                0x0000000008009a40       0x1c ./Middlewares/Third_Party/SubGHz_Phy/stm32_radio_driver/radio_driver.o
                0x0000000008009a40                SUBGRF_SetCad
 .text.SUBGRF_SetTxContinuousWave
                0x0000000008009a5c       0x12 ./Middlewares/Third_Party/SubGHz_Phy/stm32_radio_driver/radio_driver.o
                0x0000000008009a5c                SUBGRF_SetTxContinuousWave
 .text.SUBGRF_SetTxInfinitePreamble
                0x0000000008009a6e       0x12 ./Middlewares/Third_Party/SubGHz_Phy/stm32_radio_driver/radio_driver.o
                0x0000000008009a6e                SUBGRF_SetTxInfinitePreamble
 .text.SUBGRF_SetStopRxTimerOnPreambleDetect
                0x0000000008009a80       0x1e ./Middlewares/Third_Party/SubGHz_Phy/stm32_radio_driver/radio_driver.o
                0x0000000008009a80                SUBGRF_SetStopRxTimerOnPreambleDetect
 .text.SUBGRF_SetLoRaSymbNumTimeout
                0x0000000008009a9e       0x5e ./Middlewares/Third_Party/SubGHz_Phy/stm32_radio_driver/radio_driver.o
                0x0000000008009a9e                SUBGRF_SetLoRaSymbNumTimeout
 .text.SUBGRF_SetRegulatorMode
                0x0000000008009afc       0x2e ./Middlewares/Third_Party/SubGHz_Phy/stm32_radio_driver/radio_driver.o
                0x0000000008009afc                SUBGRF_SetRegulatorMode
 .text.SUBGRF_Calibrate
                0x0000000008009b2a       0x8c ./Middlewares/Third_Party/SubGHz_Phy/stm32_radio_driver/radio_driver.o
                0x0000000008009b2a                SUBGRF_Calibrate
 *fill*         0x0000000008009bb6        0x2 
 .text.SUBGRF_CalibrateImage
                0x0000000008009bb8       0x8c ./Middlewares/Third_Party/SubGHz_Phy/stm32_radio_driver/radio_driver.o
                0x0000000008009bb8                SUBGRF_CalibrateImage
 .text.SUBGRF_SetPaConfig
                0x0000000008009c44       0x44 ./Middlewares/Third_Party/SubGHz_Phy/stm32_radio_driver/radio_driver.o
                0x0000000008009c44                SUBGRF_SetPaConfig
 .text.SUBGRF_SetDioIrqParams
                0x0000000008009c88       0x74 ./Middlewares/Third_Party/SubGHz_Phy/stm32_radio_driver/radio_driver.o
                0x0000000008009c88                SUBGRF_SetDioIrqParams
 .text.SUBGRF_SetTcxoMode
                0x0000000008009cfc       0x42 ./Middlewares/Third_Party/SubGHz_Phy/stm32_radio_driver/radio_driver.o
                0x0000000008009cfc                SUBGRF_SetTcxoMode
 *fill*         0x0000000008009d3e        0x2 
 .text.SUBGRF_SetRfFrequency
                0x0000000008009d40       0x8c ./Middlewares/Third_Party/SubGHz_Phy/stm32_radio_driver/radio_driver.o
                0x0000000008009d40                SUBGRF_SetRfFrequency
 .text.SUBGRF_SetPacketType
                0x0000000008009dcc       0x38 ./Middlewares/Third_Party/SubGHz_Phy/stm32_radio_driver/radio_driver.o
                0x0000000008009dcc                SUBGRF_SetPacketType
 .text.SUBGRF_GetPacketType
                0x0000000008009e04       0x14 ./Middlewares/Third_Party/SubGHz_Phy/stm32_radio_driver/radio_driver.o
                0x0000000008009e04                SUBGRF_GetPacketType
 .text.SUBGRF_SetTxParams
                0x0000000008009e18      0x19a ./Middlewares/Third_Party/SubGHz_Phy/stm32_radio_driver/radio_driver.o
                0x0000000008009e18                SUBGRF_SetTxParams
 *fill*         0x0000000008009fb2        0x2 
 .text.SUBGRF_SetModulationParams
                0x0000000008009fb4      0x1a4 ./Middlewares/Third_Party/SubGHz_Phy/stm32_radio_driver/radio_driver.o
                0x0000000008009fb4                SUBGRF_SetModulationParams
 .text.SUBGRF_SetPacketParams
                0x000000000800a158      0x13c ./Middlewares/Third_Party/SubGHz_Phy/stm32_radio_driver/radio_driver.o
                0x000000000800a158                SUBGRF_SetPacketParams
 .text.SUBGRF_SetBufferBaseAddress
                0x000000000800a294       0x2e ./Middlewares/Third_Party/SubGHz_Phy/stm32_radio_driver/radio_driver.o
                0x000000000800a294                SUBGRF_SetBufferBaseAddress
 .text.SUBGRF_GetRssiInst
                0x000000000800a2c2       0x2a ./Middlewares/Third_Party/SubGHz_Phy/stm32_radio_driver/radio_driver.o
                0x000000000800a2c2                SUBGRF_GetRssiInst
 .text.SUBGRF_GetRxBufferStatus
                0x000000000800a2ec       0x58 ./Middlewares/Third_Party/SubGHz_Phy/stm32_radio_driver/radio_driver.o
                0x000000000800a2ec                SUBGRF_GetRxBufferStatus
 .text.SUBGRF_GetPacketStatus
                0x000000000800a344       0xa4 ./Middlewares/Third_Party/SubGHz_Phy/stm32_radio_driver/radio_driver.o
                0x000000000800a344                SUBGRF_GetPacketStatus
 .text.SUBGRF_WriteRegister
                0x000000000800a3e8       0x28 ./Middlewares/Third_Party/SubGHz_Phy/stm32_radio_driver/radio_driver.o
                0x000000000800a3e8                SUBGRF_WriteRegister
 .text.SUBGRF_ReadRegister
                0x000000000800a410       0x28 ./Middlewares/Third_Party/SubGHz_Phy/stm32_radio_driver/radio_driver.o
                0x000000000800a410                SUBGRF_ReadRegister
 .text.SUBGRF_WriteRegisters
                0x000000000800a438       0x44 ./Middlewares/Third_Party/SubGHz_Phy/stm32_radio_driver/radio_driver.o
                0x000000000800a438                SUBGRF_WriteRegisters
 .text.SUBGRF_ReadRegisters
                0x000000000800a47c       0x44 ./Middlewares/Third_Party/SubGHz_Phy/stm32_radio_driver/radio_driver.o
                0x000000000800a47c                SUBGRF_ReadRegisters
 .text.SUBGRF_WriteBuffer
                0x000000000800a4c0       0x44 ./Middlewares/Third_Party/SubGHz_Phy/stm32_radio_driver/radio_driver.o
                0x000000000800a4c0                SUBGRF_WriteBuffer
 .text.SUBGRF_ReadBuffer
                0x000000000800a504       0x44 ./Middlewares/Third_Party/SubGHz_Phy/stm32_radio_driver/radio_driver.o
                0x000000000800a504                SUBGRF_ReadBuffer
 .text.SUBGRF_WriteCommand
                0x000000000800a548       0x44 ./Middlewares/Third_Party/SubGHz_Phy/stm32_radio_driver/radio_driver.o
 .text.SUBGRF_ReadCommand
                0x000000000800a58c       0x44 ./Middlewares/Third_Party/SubGHz_Phy/stm32_radio_driver/radio_driver.o
 .text.SUBGRF_SetSwitch
                0x000000000800a5d0       0x50 ./Middlewares/Third_Party/SubGHz_Phy/stm32_radio_driver/radio_driver.o
                0x000000000800a5d0                SUBGRF_SetSwitch
 .text.SUBGRF_SetRfTxPower
                0x000000000800a620       0x68 ./Middlewares/Third_Party/SubGHz_Phy/stm32_radio_driver/radio_driver.o
                0x000000000800a620                SUBGRF_SetRfTxPower
 .text.SUBGRF_GetRadioWakeUpTime
                0x000000000800a688        0xe ./Middlewares/Third_Party/SubGHz_Phy/stm32_radio_driver/radio_driver.o
                0x000000000800a688                SUBGRF_GetRadioWakeUpTime
 *fill*         0x000000000800a696        0x2 
 .text.HAL_SUBGHZ_TxCpltCallback
                0x000000000800a698       0x1c ./Middlewares/Third_Party/SubGHz_Phy/stm32_radio_driver/radio_driver.o
                0x000000000800a698                HAL_SUBGHZ_TxCpltCallback
 .text.HAL_SUBGHZ_RxCpltCallback
                0x000000000800a6b4       0x1c ./Middlewares/Third_Party/SubGHz_Phy/stm32_radio_driver/radio_driver.o
                0x000000000800a6b4                HAL_SUBGHZ_RxCpltCallback
 .text.HAL_SUBGHZ_CRCErrorCallback
                0x000000000800a6d0       0x1c ./Middlewares/Third_Party/SubGHz_Phy/stm32_radio_driver/radio_driver.o
                0x000000000800a6d0                HAL_SUBGHZ_CRCErrorCallback
 .text.HAL_SUBGHZ_CADStatusCallback
                0x000000000800a6ec       0x3c ./Middlewares/Third_Party/SubGHz_Phy/stm32_radio_driver/radio_driver.o
                0x000000000800a6ec                HAL_SUBGHZ_CADStatusCallback
 .text.HAL_SUBGHZ_RxTxTimeoutCallback
                0x000000000800a728       0x20 ./Middlewares/Third_Party/SubGHz_Phy/stm32_radio_driver/radio_driver.o
                0x000000000800a728                HAL_SUBGHZ_RxTxTimeoutCallback
 .text.HAL_SUBGHZ_HeaderErrorCallback
                0x000000000800a748       0x1c ./Middlewares/Third_Party/SubGHz_Phy/stm32_radio_driver/radio_driver.o
                0x000000000800a748                HAL_SUBGHZ_HeaderErrorCallback
 .text.HAL_SUBGHZ_PreambleDetectedCallback
                0x000000000800a764       0x1c ./Middlewares/Third_Party/SubGHz_Phy/stm32_radio_driver/radio_driver.o
                0x000000000800a764                HAL_SUBGHZ_PreambleDetectedCallback
 .text.HAL_SUBGHZ_SyncWordValidCallback
                0x000000000800a780       0x1c ./Middlewares/Third_Party/SubGHz_Phy/stm32_radio_driver/radio_driver.o
                0x000000000800a780                HAL_SUBGHZ_SyncWordValidCallback
 .text.HAL_SUBGHZ_HeaderValidCallback
                0x000000000800a79c       0x1c ./Middlewares/Third_Party/SubGHz_Phy/stm32_radio_driver/radio_driver.o
                0x000000000800a79c                HAL_SUBGHZ_HeaderValidCallback
 .text.Radio_SMPS_Set
                0x000000000800a7b8       0x42 ./Middlewares/Third_Party/SubGHz_Phy/stm32_radio_driver/radio_driver.o
 *fill*         0x000000000800a7fa        0x2 
 .text.SUBGRF_GetFskBandwidthRegValue
                0x000000000800a7fc       0x50 ./Middlewares/Third_Party/SubGHz_Phy/stm32_radio_driver/radio_driver.o
                0x000000000800a7fc                SUBGRF_GetFskBandwidthRegValue
 .text.SUBGRF_GetCFO
                0x000000000800a84c       0xe8 ./Middlewares/Third_Party/SubGHz_Phy/stm32_radio_driver/radio_driver.o
                0x000000000800a84c                SUBGRF_GetCFO
 .text.RFW_TransmitLongPacket
                0x000000000800a934       0x24 ./Middlewares/Third_Party/SubGHz_Phy/stm32_radio_driver/radio_fw.o
                0x000000000800a934                RFW_TransmitLongPacket
 .text.RFW_ReceiveLongPacket
                0x000000000800a958       0x24 ./Middlewares/Third_Party/SubGHz_Phy/stm32_radio_driver/radio_fw.o
                0x000000000800a958                RFW_ReceiveLongPacket
 .text.RFW_Init
                0x000000000800a97c       0x1a ./Middlewares/Third_Party/SubGHz_Phy/stm32_radio_driver/radio_fw.o
                0x000000000800a97c                RFW_Init
 .text.RFW_DeInit
                0x000000000800a996        0xc ./Middlewares/Third_Party/SubGHz_Phy/stm32_radio_driver/radio_fw.o
                0x000000000800a996                RFW_DeInit
 .text.RFW_Is_Init
                0x000000000800a9a2        0xe ./Middlewares/Third_Party/SubGHz_Phy/stm32_radio_driver/radio_fw.o
                0x000000000800a9a2                RFW_Is_Init
 .text.RFW_Is_LongPacketModeEnabled
                0x000000000800a9b0        0xe ./Middlewares/Third_Party/SubGHz_Phy/stm32_radio_driver/radio_fw.o
                0x000000000800a9b0                RFW_Is_LongPacketModeEnabled
 .text.RFW_SetAntSwitch
                0x000000000800a9be       0x14 ./Middlewares/Third_Party/SubGHz_Phy/stm32_radio_driver/radio_fw.o
                0x000000000800a9be                RFW_SetAntSwitch
 .text.RFW_TransmitInit
                0x000000000800a9d2       0x20 ./Middlewares/Third_Party/SubGHz_Phy/stm32_radio_driver/radio_fw.o
                0x000000000800a9d2                RFW_TransmitInit
 .text.RFW_ReceiveInit
                0x000000000800a9f2       0x10 ./Middlewares/Third_Party/SubGHz_Phy/stm32_radio_driver/radio_fw.o
                0x000000000800a9f2                RFW_ReceiveInit
 .text.RFW_DeInit_TxLongPacket
                0x000000000800aa02        0xc ./Middlewares/Third_Party/SubGHz_Phy/stm32_radio_driver/radio_fw.o
                0x000000000800aa02                RFW_DeInit_TxLongPacket
 .text.RFW_ReceivePayload
                0x000000000800aa0e        0xc ./Middlewares/Third_Party/SubGHz_Phy/stm32_radio_driver/radio_fw.o
                0x000000000800aa0e                RFW_ReceivePayload
 .text.RFW_SetRadioModem
                0x000000000800aa1a       0x14 ./Middlewares/Third_Party/SubGHz_Phy/stm32_radio_driver/radio_fw.o
                0x000000000800aa1a                RFW_SetRadioModem
 .text.MX_SubGHz_Phy_Init
                0x000000000800aa2e       0x10 ./SubGHz_Phy/App/app_subghz_phy.o
                0x000000000800aa2e                MX_SubGHz_Phy_Init
 .text.MX_SubGHz_Phy_Process
                0x000000000800aa3e       0x10 ./SubGHz_Phy/App/app_subghz_phy.o
                0x000000000800aa3e                MX_SubGHz_Phy_Process
 *fill*         0x000000000800aa4e        0x2 
 .text.SubghzApp_Init
                0x000000000800aa50      0x1b8 ./SubGHz_Phy/App/subghz_phy_app.o
                0x000000000800aa50                SubghzApp_Init
 .text.PingPong_Process
                0x000000000800ac08      0x224 ./SubGHz_Phy/App/subghz_phy_app.o
 .text.OnTxDone
                0x000000000800ae2c       0x2c ./SubGHz_Phy/App/subghz_phy_app.o
 .text.OnRxDone
                0x000000000800ae58      0x114 ./SubGHz_Phy/App/subghz_phy_app.o
 .text.OnTxTimeout
                0x000000000800af6c       0x2c ./SubGHz_Phy/App/subghz_phy_app.o
 .text.OnRxTimeout
                0x000000000800af98       0x2c ./SubGHz_Phy/App/subghz_phy_app.o
 .text.OnRxError
                0x000000000800afc4       0x2c ./SubGHz_Phy/App/subghz_phy_app.o
 .text.RBI_Init
                0x000000000800aff0        0xe ./SubGHz_Phy/Target/radio_board_if.o
                0x000000000800aff0                RBI_Init
 .text.RBI_ConfigRFSwitch
                0x000000000800affe       0x1c ./SubGHz_Phy/Target/radio_board_if.o
                0x000000000800affe                RBI_ConfigRFSwitch
 .text.RBI_GetTxConfig
                0x000000000800b01a        0xe ./SubGHz_Phy/Target/radio_board_if.o
                0x000000000800b01a                RBI_GetTxConfig
 .text.RBI_IsTCXO
                0x000000000800b028        0xe ./SubGHz_Phy/Target/radio_board_if.o
                0x000000000800b028                RBI_IsTCXO
 .text.RBI_IsDCDC
                0x000000000800b036        0xe ./SubGHz_Phy/Target/radio_board_if.o
                0x000000000800b036                RBI_IsDCDC
 .text.RBI_GetRFOMaxPowerConfig
                0x000000000800b044       0x1c ./SubGHz_Phy/Target/radio_board_if.o
                0x000000000800b044                RBI_GetRFOMaxPowerConfig
 .text.UTIL_LPM_Init
                0x000000000800b060       0x20 ./Utilities/lpm/tiny_lpm/stm32_lpm.o
                0x000000000800b060                UTIL_LPM_Init
 .text.UTIL_LPM_SetStopMode
                0x000000000800b080       0x60 ./Utilities/lpm/tiny_lpm/stm32_lpm.o
                0x000000000800b080                UTIL_LPM_SetStopMode
 .text.UTIL_LPM_SetOffMode
                0x000000000800b0e0       0x60 ./Utilities/lpm/tiny_lpm/stm32_lpm.o
                0x000000000800b0e0                UTIL_LPM_SetOffMode
 .text.UTIL_LPM_EnterLowPower
                0x000000000800b140       0x6c ./Utilities/lpm/tiny_lpm/stm32_lpm.o
                0x000000000800b140                UTIL_LPM_EnterLowPower
 .text.UTIL_MEM_cpy_8
                0x000000000800b1ac       0x3e ./Utilities/misc/stm32_mem.o
                0x000000000800b1ac                UTIL_MEM_cpy_8
 .text.UTIL_MEM_set_8
                0x000000000800b1ea       0x36 ./Utilities/misc/stm32_mem.o
                0x000000000800b1ea                UTIL_MEM_set_8
 .text.SysTimeAdd
                0x000000000800b220       0x72 ./Utilities/misc/stm32_systime.o
                0x000000000800b220                SysTimeAdd
 *fill*         0x000000000800b292        0x2 
 .text.SysTimeGet
                0x000000000800b294       0x70 ./Utilities/misc/stm32_systime.o
                0x000000000800b294                SysTimeGet
 .text.ee_skip_atoi
                0x000000000800b304       0x4c ./Utilities/misc/stm32_tiny_vsnprintf.o
 .text.ee_number
                0x000000000800b350      0x1dc ./Utilities/misc/stm32_tiny_vsnprintf.o
 .text.tiny_vsnprintf_like
                0x000000000800b52c      0x2ac ./Utilities/misc/stm32_tiny_vsnprintf.o
                0x000000000800b52c                tiny_vsnprintf_like
 .text.UTIL_SEQ_Run
                0x000000000800b7d8      0x1f8 ./Utilities/sequencer/stm32_seq.o
                0x000000000800b7d8                UTIL_SEQ_Run
 .text.UTIL_SEQ_RegTask
                0x000000000800b9d0       0x44 ./Utilities/sequencer/stm32_seq.o
                0x000000000800b9d0                UTIL_SEQ_RegTask
 .text.UTIL_SEQ_SetTask
                0x000000000800ba14       0x58 ./Utilities/sequencer/stm32_seq.o
                0x000000000800ba14                UTIL_SEQ_SetTask
 .text.UTIL_SEQ_PreIdle
                0x000000000800ba6c        0xc ./Utilities/sequencer/stm32_seq.o
                0x000000000800ba6c                UTIL_SEQ_PreIdle
 .text.UTIL_SEQ_PostIdle
                0x000000000800ba78        0xc ./Utilities/sequencer/stm32_seq.o
                0x000000000800ba78                UTIL_SEQ_PostIdle
 .text.SEQ_BitPosition
                0x000000000800ba84       0x74 ./Utilities/sequencer/stm32_seq.o
                0x000000000800ba84                SEQ_BitPosition
 .text.UTIL_TIMER_Init
                0x000000000800baf8       0x20 ./Utilities/timer/stm32_timer.o
                0x000000000800baf8                UTIL_TIMER_Init
 .text.UTIL_TIMER_Create
                0x000000000800bb18       0x6c ./Utilities/timer/stm32_timer.o
                0x000000000800bb18                UTIL_TIMER_Create
 .text.UTIL_TIMER_Start
                0x000000000800bb84       0xdc ./Utilities/timer/stm32_timer.o
                0x000000000800bb84                UTIL_TIMER_Start
 .text.UTIL_TIMER_Stop
                0x000000000800bc60       0xe0 ./Utilities/timer/stm32_timer.o
                0x000000000800bc60                UTIL_TIMER_Stop
 .text.UTIL_TIMER_SetPeriod
                0x000000000800bd40       0x54 ./Utilities/timer/stm32_timer.o
                0x000000000800bd40                UTIL_TIMER_SetPeriod
 .text.UTIL_TIMER_IRQ_Handler
                0x000000000800bd94      0x100 ./Utilities/timer/stm32_timer.o
                0x000000000800bd94                UTIL_TIMER_IRQ_Handler
 .text.UTIL_TIMER_GetCurrentTime
                0x000000000800be94       0x24 ./Utilities/timer/stm32_timer.o
                0x000000000800be94                UTIL_TIMER_GetCurrentTime
 .text.UTIL_TIMER_GetElapsedTime
                0x000000000800beb8       0x38 ./Utilities/timer/stm32_timer.o
                0x000000000800beb8                UTIL_TIMER_GetElapsedTime
 .text.TimerExists
                0x000000000800bef0       0x38 ./Utilities/timer/stm32_timer.o
                0x000000000800bef0                TimerExists
 .text.TimerSetTimeout
                0x000000000800bf28       0x54 ./Utilities/timer/stm32_timer.o
                0x000000000800bf28                TimerSetTimeout
 .text.TimerInsertTimer
                0x000000000800bf7c       0x60 ./Utilities/timer/stm32_timer.o
                0x000000000800bf7c                TimerInsertTimer
 .text.TimerInsertNewHeadTimer
                0x000000000800bfdc       0x3c ./Utilities/timer/stm32_timer.o
                0x000000000800bfdc                TimerInsertNewHeadTimer
 .text.UTIL_ADV_TRACE_Init
                0x000000000800c018       0x38 ./Utilities/trace/adv_trace/stm32_adv_trace.o
                0x000000000800c018                UTIL_ADV_TRACE_Init
 .text.UTIL_ADV_TRACE_COND_FSend
                0x000000000800c050      0x100 ./Utilities/trace/adv_trace/stm32_adv_trace.o
                0x000000000800c050                UTIL_ADV_TRACE_COND_FSend
 .text.UTIL_ADV_TRACE_RegisterTimeStampFunction
                0x000000000800c150       0x1c ./Utilities/trace/adv_trace/stm32_adv_trace.o
                0x000000000800c150                UTIL_ADV_TRACE_RegisterTimeStampFunction
 .text.UTIL_ADV_TRACE_SetVerboseLevel
                0x000000000800c16c       0x20 ./Utilities/trace/adv_trace/stm32_adv_trace.o
                0x000000000800c16c                UTIL_ADV_TRACE_SetVerboseLevel
 .text.TRACE_Send
                0x000000000800c18c      0x108 ./Utilities/trace/adv_trace/stm32_adv_trace.o
 .text.TRACE_TxCpltCallback
                0x000000000800c294      0x118 ./Utilities/trace/adv_trace/stm32_adv_trace.o
 .text.TRACE_AllocateBufer
                0x000000000800c3ac       0xfc ./Utilities/trace/adv_trace/stm32_adv_trace.o
 .text.TRACE_Lock
                0x000000000800c4a8       0x3c ./Utilities/trace/adv_trace/stm32_adv_trace.o
 .text.TRACE_UnLock
                0x000000000800c4e4       0x3c ./Utilities/trace/adv_trace/stm32_adv_trace.o
 .text.TRACE_IsLocked
                0x000000000800c520       0x20 ./Utilities/trace/adv_trace/stm32_adv_trace.o
 .text.__libc_init_array
                0x000000000800c540       0x48 /Applications/STM32CubeIDE.app/Contents/Eclipse/plugins/com.st.stm32cube.ide.mcu.externaltools.gnu-tools-for-stm32.10.3-2021.10.macos64_1.0.0.202111181127/tools/bin/../lib/gcc/arm-none-eabi/10.3.1/../../../../arm-none-eabi/lib/thumb/v7e-m/nofp/libc_nano.a(lib_a-init.o)
                0x000000000800c540                __libc_init_array
 .text.memcpy   0x000000000800c588       0x1c /Applications/STM32CubeIDE.app/Contents/Eclipse/plugins/com.st.stm32cube.ide.mcu.externaltools.gnu-tools-for-stm32.10.3-2021.10.macos64_1.0.0.202111181127/tools/bin/../lib/gcc/arm-none-eabi/10.3.1/../../../../arm-none-eabi/lib/thumb/v7e-m/nofp/libc_nano.a(lib_a-memcpy-stub.o)
                0x000000000800c588                memcpy
 .text.memset   0x000000000800c5a4       0x10 /Applications/STM32CubeIDE.app/Contents/Eclipse/plugins/com.st.stm32cube.ide.mcu.externaltools.gnu-tools-for-stm32.10.3-2021.10.macos64_1.0.0.202111181127/tools/bin/../lib/gcc/arm-none-eabi/10.3.1/../../../../arm-none-eabi/lib/thumb/v7e-m/nofp/libc_nano.a(lib_a-memset.o)
                0x000000000800c5a4                memset
 .text.strncmp  0x000000000800c5b4       0x28 /Applications/STM32CubeIDE.app/Contents/Eclipse/plugins/com.st.stm32cube.ide.mcu.externaltools.gnu-tools-for-stm32.10.3-2021.10.macos64_1.0.0.202111181127/tools/bin/../lib/gcc/arm-none-eabi/10.3.1/../../../../arm-none-eabi/lib/thumb/v7e-m/nofp/libc_nano.a(lib_a-strncmp.o)
                0x000000000800c5b4                strncmp
 *(.glue_7)
 .glue_7        0x000000000800c5dc        0x0 linker stubs
 *(.glue_7t)
 .glue_7t       0x000000000800c5dc        0x0 linker stubs
 *(.eh_frame)
 .eh_frame      0x000000000800c5dc        0x0 /Applications/STM32CubeIDE.app/Contents/Eclipse/plugins/com.st.stm32cube.ide.mcu.externaltools.gnu-tools-for-stm32.10.3-2021.10.macos64_1.0.0.202111181127/tools/bin/../lib/gcc/arm-none-eabi/10.3.1/thumb/v7e-m/nofp/crtbegin.o
 *(.init)
 .init          0x000000000800c5dc        0x4 /Applications/STM32CubeIDE.app/Contents/Eclipse/plugins/com.st.stm32cube.ide.mcu.externaltools.gnu-tools-for-stm32.10.3-2021.10.macos64_1.0.0.202111181127/tools/bin/../lib/gcc/arm-none-eabi/10.3.1/thumb/v7e-m/nofp/crti.o
                0x000000000800c5dc                _init
 .init          0x000000000800c5e0        0x8 /Applications/STM32CubeIDE.app/Contents/Eclipse/plugins/com.st.stm32cube.ide.mcu.externaltools.gnu-tools-for-stm32.10.3-2021.10.macos64_1.0.0.202111181127/tools/bin/../lib/gcc/arm-none-eabi/10.3.1/thumb/v7e-m/nofp/crtn.o
 *(.fini)
 .fini          0x000000000800c5e8        0x4 /Applications/STM32CubeIDE.app/Contents/Eclipse/plugins/com.st.stm32cube.ide.mcu.externaltools.gnu-tools-for-stm32.10.3-2021.10.macos64_1.0.0.202111181127/tools/bin/../lib/gcc/arm-none-eabi/10.3.1/thumb/v7e-m/nofp/crti.o
                0x000000000800c5e8                _fini
 .fini          0x000000000800c5ec        0x8 /Applications/STM32CubeIDE.app/Contents/Eclipse/plugins/com.st.stm32cube.ide.mcu.externaltools.gnu-tools-for-stm32.10.3-2021.10.macos64_1.0.0.202111181127/tools/bin/../lib/gcc/arm-none-eabi/10.3.1/thumb/v7e-m/nofp/crtn.o
                0x000000000800c5f4                . = ALIGN (0x4)
                0x000000000800c5f4                _etext = .

.vfp11_veneer   0x000000000800c5f4        0x0
 .vfp11_veneer  0x000000000800c5f4        0x0 linker stubs

.v4_bx          0x000000000800c5f4        0x0
 .v4_bx         0x000000000800c5f4        0x0 linker stubs

.iplt           0x000000000800c5f4        0x0
 .iplt          0x000000000800c5f4        0x0 /Applications/STM32CubeIDE.app/Contents/Eclipse/plugins/com.st.stm32cube.ide.mcu.externaltools.gnu-tools-for-stm32.10.3-2021.10.macos64_1.0.0.202111181127/tools/bin/../lib/gcc/arm-none-eabi/10.3.1/thumb/v7e-m/nofp/crtbegin.o

.rodata         0x000000000800c5f4      0x544
                0x000000000800c5f4                . = ALIGN (0x4)
 *(.rodata)
 .rodata        0x000000000800c5f4        0x9 ./Core/Src/sys_app.o
 *fill*         0x000000000800c5fd        0x3 
 .rodata        0x000000000800c600       0x1c ./Drivers/STM32WLxx_HAL_Driver/Src/stm32wlxx_hal_rcc.o
 .rodata        0x000000000800c61c       0x7c ./Middlewares/Third_Party/SubGHz_Phy/stm32_radio_driver/radio.o
 .rodata        0x000000000800c698       0x11 ./Middlewares/Third_Party/SubGHz_Phy/stm32_radio_driver/radio_driver.o
 *fill*         0x000000000800c6a9        0x3 
 .rodata        0x000000000800c6ac      0x1bc ./SubGHz_Phy/App/subghz_phy_app.o
 .rodata        0x000000000800c868       0x57 ./Utilities/misc/stm32_tiny_vsnprintf.o
 *(.rodata*)
 *fill*         0x000000000800c8bf        0x1 
 .rodata.UTIL_PowerDriver
                0x000000000800c8c0       0x18 ./Core/Src/stm32_lpm_if.o
                0x000000000800c8c0                UTIL_PowerDriver
 .rodata.AHBPrescTable
                0x000000000800c8d8       0x40 ./Core/Src/system_stm32wlxx.o
                0x000000000800c8d8                AHBPrescTable
 .rodata.APBPrescTable
                0x000000000800c918       0x20 ./Core/Src/system_stm32wlxx.o
                0x000000000800c918                APBPrescTable
 .rodata.MSIRangeTable
                0x000000000800c938       0x40 ./Core/Src/system_stm32wlxx.o
                0x000000000800c938                MSIRangeTable
 .rodata.UTIL_TimerDriver
                0x000000000800c978       0x2c ./Core/Src/timer_if.o
                0x000000000800c978                UTIL_TimerDriver
 .rodata.UTIL_SYSTIMDriver
                0x000000000800c9a4       0x14 ./Core/Src/timer_if.o
                0x000000000800c9a4                UTIL_SYSTIMDriver
 .rodata.UTIL_TraceDriver
                0x000000000800c9b8       0x10 ./Core/Src/usart_if.o
                0x000000000800c9b8                UTIL_TraceDriver
 .rodata.UARTPrescTable
                0x000000000800c9c8       0x18 ./Drivers/STM32WLxx_HAL_Driver/Src/stm32wlxx_hal_uart.o
                0x000000000800c9c8                UARTPrescTable
 .rodata.numerator.1
                0x000000000800c9e0        0x8 ./Drivers/STM32WLxx_HAL_Driver/Src/stm32wlxx_hal_uart_ex.o
 .rodata.denominator.0
                0x000000000800c9e8        0x8 ./Drivers/STM32WLxx_HAL_Driver/Src/stm32wlxx_hal_uart_ex.o
 .rodata.Radio  0x000000000800c9f0       0x84 ./Middlewares/Third_Party/SubGHz_Phy/stm32_radio_driver/radio.o
                0x000000000800c9f0                Radio
 .rodata.Bandwidths
                0x000000000800ca74        0x3 ./Middlewares/Third_Party/SubGHz_Phy/stm32_radio_driver/radio.o
                0x000000000800ca74                Bandwidths
 *fill*         0x000000000800ca77        0x1 
 .rodata.FskBandwidths
                0x000000000800ca78       0xb0 ./Middlewares/Third_Party/SubGHz_Phy/stm32_radio_driver/radio_driver.o
 .rodata.SEQ_clz_table_4bit
                0x000000000800cb28       0x10 ./Utilities/sequencer/stm32_seq.o
                0x000000000800cb28                SEQ_clz_table_4bit
                0x000000000800cb38                . = ALIGN (0x4)

.ARM.extab      0x000000000800cb38        0x0
                0x000000000800cb38                . = ALIGN (0x4)
 *(.ARM.extab* .gnu.linkonce.armextab.*)
                0x000000000800cb38                . = ALIGN (0x4)

.ARM            0x000000000800cb38        0x8
                0x000000000800cb38                . = ALIGN (0x4)
                0x000000000800cb38                __exidx_start = .
 *(.ARM.exidx*)